stm32f4xx_hal_fmpi2c.c:6133:26:FMPI2C_WaitOnTXISFlagUntilTimeout	16	static
stm32f4xx_hal_fmpi2c.c:6170:26:FMPI2C_WaitOnSTOPFlagUntilTimeout	16	static
stm32f4xx_hal_fmpi2c.c:625:13:HAL_FMPI2C_MspInit	0	static
stm32f4xx_hal_fmpi2c.c:470:19:HAL_FMPI2C_Init	16	static
stm32f4xx_hal_fmpi2c.c:641:13:HAL_FMPI2C_MspDeInit	0	static
stm32f4xx_hal_fmpi2c.c:579:19:HAL_FMPI2C_DeInit	8	static
stm32f4xx_hal_fmpi2c.c:1061:19:HAL_FMPI2C_Master_Transmit	32	static
stm32f4xx_hal_fmpi2c.c:1175:19:HAL_FMPI2C_Master_Receive	32	static
stm32f4xx_hal_fmpi2c.c:1288:19:HAL_FMPI2C_Slave_Transmit	32	static
stm32f4xx_hal_fmpi2c.c:1425:19:HAL_FMPI2C_Slave_Receive	32	static
stm32f4xx_hal_fmpi2c.c:1551:19:HAL_FMPI2C_Master_Transmit_IT	16	static
stm32f4xx_hal_fmpi2c.c:1620:19:HAL_FMPI2C_Master_Receive_IT	16	static
stm32f4xx_hal_fmpi2c.c:1687:19:HAL_FMPI2C_Slave_Transmit_IT	16	static
stm32f4xx_hal_fmpi2c.c:1736:19:HAL_FMPI2C_Slave_Receive_IT	16	static
stm32f4xx_hal_fmpi2c.c:1787:19:HAL_FMPI2C_Master_Transmit_DMA	32	static
stm32f4xx_hal_fmpi2c.c:1930:19:HAL_FMPI2C_Master_Receive_DMA	32	static
stm32f4xx_hal_fmpi2c.c:2071:19:HAL_FMPI2C_Slave_Transmit_DMA	24	static
stm32f4xx_hal_fmpi2c.c:2174:19:HAL_FMPI2C_Slave_Receive_DMA	24	static
stm32f4xx_hal_fmpi2c.c:2281:19:HAL_FMPI2C_Mem_Write	32	static
stm32f4xx_hal_fmpi2c.c:2416:19:HAL_FMPI2C_Mem_Read	32	static
stm32f4xx_hal_fmpi2c.c:2549:19:HAL_FMPI2C_Mem_Write_IT	40	static
stm32f4xx_hal_fmpi2c.c:2640:19:HAL_FMPI2C_Mem_Read_IT	40	static
stm32f4xx_hal_fmpi2c.c:2730:19:HAL_FMPI2C_Mem_Write_DMA	40	static
stm32f4xx_hal_fmpi2c.c:2874:19:HAL_FMPI2C_Mem_Read_DMA	40	static
stm32f4xx_hal_fmpi2c.c:3015:19:HAL_FMPI2C_IsDeviceReady	40	static
stm32f4xx_hal_fmpi2c.c:3157:19:HAL_FMPI2C_Master_Seq_Transmit_IT	12	static
stm32f4xx_hal_fmpi2c.c:3241:19:HAL_FMPI2C_Master_Seq_Transmit_DMA	32	static
stm32f4xx_hal_fmpi2c.c:3403:19:HAL_FMPI2C_Master_Seq_Receive_IT	12	static
stm32f4xx_hal_fmpi2c.c:3487:19:HAL_FMPI2C_Master_Seq_Receive_DMA	32	static
stm32f4xx_hal_fmpi2c.c:3647:19:HAL_FMPI2C_Slave_Seq_Transmit_IT	32	static
stm32f4xx_hal_fmpi2c.c:3742:19:HAL_FMPI2C_Slave_Seq_Transmit_DMA	24	static
stm32f4xx_hal_fmpi2c.c:3921:19:HAL_FMPI2C_Slave_Seq_Receive_IT	32	static
stm32f4xx_hal_fmpi2c.c:4016:19:HAL_FMPI2C_Slave_Seq_Receive_DMA	32	static
stm32f4xx_hal_fmpi2c.c:4191:19:HAL_FMPI2C_EnableListen_IT	0	static
stm32f4xx_hal_fmpi2c.c:4215:19:HAL_FMPI2C_DisableListen_IT	4	static
stm32f4xx_hal_fmpi2c.c:4248:19:HAL_FMPI2C_Master_Abort_IT	16	static
stm32f4xx_hal_fmpi2c.c:4298:6:HAL_FMPI2C_EV_IRQHandler	4	static
stm32f4xx_hal_fmpi2c.c:4366:13:HAL_FMPI2C_MasterTxCpltCallback	0	static
stm32f4xx_hal_fmpi2c.c:4382:13:HAL_FMPI2C_MasterRxCpltCallback	0	static
stm32f4xx_hal_fmpi2c.c:4397:13:HAL_FMPI2C_SlaveTxCpltCallback	0	static
stm32f4xx_hal_fmpi2c.c:4413:13:HAL_FMPI2C_SlaveRxCpltCallback	0	static
stm32f4xx_hal_fmpi2c.c:5922:13:FMPI2C_DMASlaveTransmitCplt	16	static
stm32f4xx_hal_fmpi2c.c:5997:13:FMPI2C_DMASlaveReceiveCplt	16	static
stm32f4xx_hal_fmpi2c.c:4431:13:HAL_FMPI2C_AddrCallback	0	static
stm32f4xx_hal_fmpi2c.c:5224:13:FMPI2C_ITAddrCplt.isra.9.part.10	24	static
stm32f4xx_hal_fmpi2c.c:4449:13:HAL_FMPI2C_ListenCpltCallback	0	static
stm32f4xx_hal_fmpi2c.c:4465:13:HAL_FMPI2C_MemTxCpltCallback	0	static
stm32f4xx_hal_fmpi2c.c:4481:13:HAL_FMPI2C_MemRxCpltCallback	0	static
stm32f4xx_hal_fmpi2c.c:4497:13:HAL_FMPI2C_ErrorCallback	0	static
stm32f4xx_hal_fmpi2c.c:4513:13:HAL_FMPI2C_AbortCpltCallback	0	static
stm32f4xx_hal_fmpi2c.c:5735:13:FMPI2C_ITError	16	static
stm32f4xx_hal_fmpi2c.c:5547:13:FMPI2C_ITSlaveCplt	16	static
stm32f4xx_hal_fmpi2c.c:4733:26:FMPI2C_Slave_ISR_IT	24	static
stm32f4xx_hal_fmpi2c.c:5004:26:FMPI2C_Slave_ISR_DMA	24	static
stm32f4xx_hal_fmpi2c.c:5874:13:FMPI2C_DMAMasterTransmitCplt	8	static
stm32f4xx_hal_fmpi2c.c:5949:13:FMPI2C_DMAMasterReceiveCplt	8	static
stm32f4xx_hal_fmpi2c.c:6062:13:FMPI2C_DMAAbort	8	static
stm32f4xx_hal_fmpi2c.c:5428:13:FMPI2C_ITMasterCplt	16	static
stm32f4xx_hal_fmpi2c.c:4596:26:FMPI2C_Master_ISR_IT	32	static
stm32f4xx_hal_fmpi2c.c:4869:26:FMPI2C_Master_ISR_DMA	24	static
stm32f4xx_hal_fmpi2c.c:4317:6:HAL_FMPI2C_ER_IRQHandler	16	static
stm32f4xx_hal_fmpi2c.c:6024:13:FMPI2C_DMAError	16	static
stm32f4xx_hal_fmpi2c.c:4548:25:HAL_FMPI2C_GetState	0	static
stm32f4xx_hal_fmpi2c.c:4560:24:HAL_FMPI2C_GetMode	0	static
stm32f4xx_hal_fmpi2c.c:4571:10:HAL_FMPI2C_GetError	0	static
