Archive member included to satisfy reference by file (symbol)

c:/st/stm32cubeide_1.1.0/stm32cubeide/plugins/com.st.stm32cube.ide.mcu.externaltools.gnu-tools-for-stm32.7-2018-q2-update.win32_1.0.0.201904181610/tools/bin/../lib/gcc/arm-none-eabi/7.3.1/../../../../arm-none-eabi/lib/thumb/v7e-m/fpv4-sp/hard\libc_nano.a(lib_a-errno.o)
                              Core/Src/syscalls.o (__errno)
c:/st/stm32cubeide_1.1.0/stm32cubeide/plugins/com.st.stm32cube.ide.mcu.externaltools.gnu-tools-for-stm32.7-2018-q2-update.win32_1.0.0.201904181610/tools/bin/../lib/gcc/arm-none-eabi/7.3.1/../../../../arm-none-eabi/lib/thumb/v7e-m/fpv4-sp/hard\libc_nano.a(lib_a-exit.o)
                              c:/st/stm32cubeide_1.1.0/stm32cubeide/plugins/com.st.stm32cube.ide.mcu.externaltools.gnu-tools-for-stm32.7-2018-q2-update.win32_1.0.0.201904181610/tools/bin/../lib/gcc/arm-none-eabi/7.3.1/../../../../arm-none-eabi/lib/thumb/v7e-m/fpv4-sp/hard/crt0.o (exit)
c:/st/stm32cubeide_1.1.0/stm32cubeide/plugins/com.st.stm32cube.ide.mcu.externaltools.gnu-tools-for-stm32.7-2018-q2-update.win32_1.0.0.201904181610/tools/bin/../lib/gcc/arm-none-eabi/7.3.1/../../../../arm-none-eabi/lib/thumb/v7e-m/fpv4-sp/hard\libc_nano.a(lib_a-impure.o)
                              c:/st/stm32cubeide_1.1.0/stm32cubeide/plugins/com.st.stm32cube.ide.mcu.externaltools.gnu-tools-for-stm32.7-2018-q2-update.win32_1.0.0.201904181610/tools/bin/../lib/gcc/arm-none-eabi/7.3.1/../../../../arm-none-eabi/lib/thumb/v7e-m/fpv4-sp/hard\libc_nano.a(lib_a-exit.o) (_global_impure_ptr)
c:/st/stm32cubeide_1.1.0/stm32cubeide/plugins/com.st.stm32cube.ide.mcu.externaltools.gnu-tools-for-stm32.7-2018-q2-update.win32_1.0.0.201904181610/tools/bin/../lib/gcc/arm-none-eabi/7.3.1/../../../../arm-none-eabi/lib/thumb/v7e-m/fpv4-sp/hard\libc_nano.a(lib_a-init.o)
                              c:/st/stm32cubeide_1.1.0/stm32cubeide/plugins/com.st.stm32cube.ide.mcu.externaltools.gnu-tools-for-stm32.7-2018-q2-update.win32_1.0.0.201904181610/tools/bin/../lib/gcc/arm-none-eabi/7.3.1/../../../../arm-none-eabi/lib/thumb/v7e-m/fpv4-sp/hard/crt0.o (__libc_init_array)
c:/st/stm32cubeide_1.1.0/stm32cubeide/plugins/com.st.stm32cube.ide.mcu.externaltools.gnu-tools-for-stm32.7-2018-q2-update.win32_1.0.0.201904181610/tools/bin/../lib/gcc/arm-none-eabi/7.3.1/../../../../arm-none-eabi/lib/thumb/v7e-m/fpv4-sp/hard\libc_nano.a(lib_a-malloc.o)
                              Middlewares/ST/STM32_USB_Device_Library/Class/CDC/Src/usbd_cdc.o (malloc)
c:/st/stm32cubeide_1.1.0/stm32cubeide/plugins/com.st.stm32cube.ide.mcu.externaltools.gnu-tools-for-stm32.7-2018-q2-update.win32_1.0.0.201904181610/tools/bin/../lib/gcc/arm-none-eabi/7.3.1/../../../../arm-none-eabi/lib/thumb/v7e-m/fpv4-sp/hard\libc_nano.a(lib_a-memcpy-stub.o)
                              Middlewares/Third_Party/FreeRTOS/Source/queue.o (memcpy)
c:/st/stm32cubeide_1.1.0/stm32cubeide/plugins/com.st.stm32cube.ide.mcu.externaltools.gnu-tools-for-stm32.7-2018-q2-update.win32_1.0.0.201904181610/tools/bin/../lib/gcc/arm-none-eabi/7.3.1/../../../../arm-none-eabi/lib/thumb/v7e-m/fpv4-sp/hard\libc_nano.a(lib_a-memset.o)
                              c:/st/stm32cubeide_1.1.0/stm32cubeide/plugins/com.st.stm32cube.ide.mcu.externaltools.gnu-tools-for-stm32.7-2018-q2-update.win32_1.0.0.201904181610/tools/bin/../lib/gcc/arm-none-eabi/7.3.1/../../../../arm-none-eabi/lib/thumb/v7e-m/fpv4-sp/hard/crt0.o (memset)
c:/st/stm32cubeide_1.1.0/stm32cubeide/plugins/com.st.stm32cube.ide.mcu.externaltools.gnu-tools-for-stm32.7-2018-q2-update.win32_1.0.0.201904181610/tools/bin/../lib/gcc/arm-none-eabi/7.3.1/../../../../arm-none-eabi/lib/thumb/v7e-m/fpv4-sp/hard\libc_nano.a(lib_a-nano-freer.o)
                              c:/st/stm32cubeide_1.1.0/stm32cubeide/plugins/com.st.stm32cube.ide.mcu.externaltools.gnu-tools-for-stm32.7-2018-q2-update.win32_1.0.0.201904181610/tools/bin/../lib/gcc/arm-none-eabi/7.3.1/../../../../arm-none-eabi/lib/thumb/v7e-m/fpv4-sp/hard\libc_nano.a(lib_a-malloc.o) (_free_r)
c:/st/stm32cubeide_1.1.0/stm32cubeide/plugins/com.st.stm32cube.ide.mcu.externaltools.gnu-tools-for-stm32.7-2018-q2-update.win32_1.0.0.201904181610/tools/bin/../lib/gcc/arm-none-eabi/7.3.1/../../../../arm-none-eabi/lib/thumb/v7e-m/fpv4-sp/hard\libc_nano.a(lib_a-nano-mallocr.o)
                              c:/st/stm32cubeide_1.1.0/stm32cubeide/plugins/com.st.stm32cube.ide.mcu.externaltools.gnu-tools-for-stm32.7-2018-q2-update.win32_1.0.0.201904181610/tools/bin/../lib/gcc/arm-none-eabi/7.3.1/../../../../arm-none-eabi/lib/thumb/v7e-m/fpv4-sp/hard\libc_nano.a(lib_a-malloc.o) (_malloc_r)
c:/st/stm32cubeide_1.1.0/stm32cubeide/plugins/com.st.stm32cube.ide.mcu.externaltools.gnu-tools-for-stm32.7-2018-q2-update.win32_1.0.0.201904181610/tools/bin/../lib/gcc/arm-none-eabi/7.3.1/../../../../arm-none-eabi/lib/thumb/v7e-m/fpv4-sp/hard\libc_nano.a(lib_a-sbrkr.o)
[...]
Memory Configuration

Name             Origin             Length             Attributes
RAM              0x0000000020000000 0x0000000000050000 xrw
FLASH            0x0000000008000000 0x0000000000180000 xr
*default*        0x0000000000000000 0xffffffffffffffff

Linker script and memory map

LOAD c:/st/stm32cubeide_1.1.0/stm32cubeide/plugins/com.st.stm32cube.ide.mcu.externaltools.gnu-tools-for-stm32.7-2018-q2-update.win32_1.0.0.201904181610/tools/bin/../lib/gcc/arm-none-eabi/7.3.1/thumb/v7e-m/fpv4-sp/hard/crti.o
LOAD c:/st/stm32cubeide_1.1.0/stm32cubeide/plugins/com.st.stm32cube.ide.mcu.externaltools.gnu-tools-for-stm32.7-2018-q2-update.win32_1.0.0.201904181610/tools/bin/../lib/gcc/arm-none-eabi/7.3.1/thumb/v7e-m/fpv4-sp/hard/crtbegin.o
LOAD c:/st/stm32cubeide_1.1.0/stm32cubeide/plugins/com.st.stm32cube.ide.mcu.externaltools.gnu-tools-for-stm32.7-2018-q2-update.win32_1.0.0.201904181610/tools/bin/../lib/gcc/arm-none-eabi/7.3.1/../../../../arm-none-eabi/lib/thumb/v7e-m/fpv4-sp/hard/crt0.o
LOAD Core/Src/DFU_machine.o
LOAD Core/Src/MainTask.o
LOAD Core/Src/SocketTask.o
LOAD Core/Src/adc.o
LOAD Core/Src/dac.o
LOAD Core/Src/dfu.o
LOAD Core/Src/fmpi2c.o
LOAD Core/Src/freertos.o
LOAD Core/Src/fsmc.o
LOAD Core/Src/gpio.o
LOAD Core/Src/i2c.o
LOAD Core/Src/main.o
LOAD Core/Src/printf.o
LOAD Core/Src/rng.o
LOAD Core/Src/spi.o
LOAD Core/Src/stm32f4xx_hal_msp.o
LOAD Core/Src/stm32f4xx_hal_timebase_tim.o
LOAD Core/Src/stm32f4xx_it.o
LOAD Core/Src/sys.o
LOAD Core/Src/syscalls.o
LOAD Core/Src/sysmem.o
LOAD Core/Src/system_stm32f4xx.o
LOAD Core/Src/usart.o
LOAD Core/Startup/startup_stm32f413zhtx.o
LOAD Drivers/STM32F4xx_HAL_Driver/Src/stm32f4xx_hal.o
LOAD Drivers/STM32F4xx_HAL_Driver/Src/stm32f4xx_hal_adc.o
LOAD Drivers/STM32F4xx_HAL_Driver/Src/stm32f4xx_hal_adc_ex.o
LOAD Drivers/STM32F4xx_HAL_Driver/Src/stm32f4xx_hal_cortex.o
LOAD Drivers/STM32F4xx_HAL_Driver/Src/stm32f4xx_hal_dac.o
LOAD Drivers/STM32F4xx_HAL_Driver/Src/stm32f4xx_hal_dac_ex.o
LOAD Drivers/STM32F4xx_HAL_Driver/Src/stm32f4xx_hal_dma.o
LOAD Drivers/STM32F4xx_HAL_Driver/Src/stm32f4xx_hal_dma_ex.o
LOAD Drivers/STM32F4xx_HAL_Driver/Src/stm32f4xx_hal_exti.o
LOAD Drivers/STM32F4xx_HAL_Driver/Src/stm32f4xx_hal_flash.o
LOAD Drivers/STM32F4xx_HAL_Driver/Src/stm32f4xx_hal_flash_ex.o
LOAD Drivers/STM32F4xx_HAL_Driver/Src/stm32f4xx_hal_flash_ramfunc.o
LOAD Drivers/STM32F4xx_HAL_Driver/Src/stm32f4xx_hal_fmpi2c.o
LOAD Drivers/STM32F4xx_HAL_Driver/Src/stm32f4xx_hal_fmpi2c_ex.o
LOAD Drivers/STM32F4xx_HAL_Driver/Src/stm32f4xx_hal_gpio.o
LOAD Drivers/STM32F4xx_HAL_Driver/Src/stm32f4xx_hal_i2c.o
LOAD Drivers/STM32F4xx_HAL_Driver/Src/stm32f4xx_hal_i2c_ex.o
LOAD Drivers/STM32F4xx_HAL_Driver/Src/stm32f4xx_hal_pcd.o
LOAD Drivers/STM32F4xx_HAL_Driver/Src/stm32f4xx_hal_pcd_ex.o
LOAD Drivers/STM32F4xx_HAL_Driver/Src/stm32f4xx_hal_pwr.o
LOAD Drivers/STM32F4xx_HAL_Driver/Src/stm32f4xx_hal_pwr_ex.o
LOAD Drivers/STM32F4xx_HAL_Driver/Src/stm32f4xx_hal_rcc.o
LOAD Drivers/STM32F4xx_HAL_Driver/Src/stm32f4xx_hal_rcc_ex.o
LOAD Drivers/STM32F4xx_HAL_Driver/Src/stm32f4xx_hal_rng.o
LOAD Drivers/STM32F4xx_HAL_Driver/Src/stm32f4xx_hal_spi.o
LOAD Drivers/STM32F4xx_HAL_Driver/Src/stm32f4xx_hal_sram.o
LOAD Drivers/STM32F4xx_HAL_Driver/Src/stm32f4xx_hal_tim.o
LOAD Drivers/STM32F4xx_HAL_Driver/Src/stm32f4xx_hal_tim_ex.o
LOAD Drivers/STM32F4xx_HAL_Driver/Src/stm32f4xx_hal_uart.o
LOAD Drivers/STM32F4xx_HAL_Driver/Src/stm32f4xx_ll_fsmc.o
LOAD Drivers/STM32F4xx_HAL_Driver/Src/stm32f4xx_ll_usb.o
LOAD Middlewares/ST/STM32_USB_Device_Library/Class/CDC/Src/usbd_cdc.o
LOAD Middlewares/ST/STM32_USB_Device_Library/Core/Src/usbd_core.o
LOAD Middlewares/ST/STM32_USB_Device_Library/Core/Src/usbd_ctlreq.o
LOAD Middlewares/ST/STM32_USB_Device_Library/Core/Src/usbd_ioreq.o
LOAD Middlewares/Third_Party/FreeRTOS/Source/CMSIS_RTOS/cmsis_os.o
LOAD Middlewares/Third_Party/FreeRTOS/Source/croutine.o
LOAD Middlewares/Third_Party/FreeRTOS/Source/event_groups.o
LOAD Middlewares/Third_Party/FreeRTOS/Source/list.o
LOAD Middlewares/Third_Party/FreeRTOS/Source/queue.o
LOAD Middlewares/Third_Party/FreeRTOS/Source/stream_buffer.o
LOAD Middlewares/Third_Party/FreeRTOS/Source/tasks.o
LOAD Middlewares/Third_Party/FreeRTOS/Source/timers.o
LOAD Middlewares/Third_Party/FreeRTOS/Source/portable/GCC/ARM_CM4F/port.o
LOAD Middlewares/Third_Party/FreeRTOS/Source/portable/MemMang/heap_4.o
LOAD USB_DEVICE/App/usb_device.o
LOAD USB_DEVICE/App/usbd_cdc_if.o
LOAD USB_DEVICE/App/usbd_desc.o
LOAD USB_DEVICE/Target/usbd_conf.o
START GROUP
LOAD c:/st/stm32cubeide_1.1.0/stm32cubeide/plugins/com.st.stm32cube.ide.mcu.externaltools.gnu-tools-for-stm32.7-2018-q2-update.win32_1.0.0.201904181610/tools/bin/../lib/gcc/arm-none-eabi/7.3.1/../../../../arm-none-eabi/lib/thumb/v7e-m/fpv4-sp/hard\libstdc++_nano.a
LOAD c:/st/stm32cubeide_1.1.0/stm32cubeide/plugins/com.st.stm32cube.ide.mcu.externaltools.gnu-tools-for-stm32.7-2018-q2-update.win32_1.0.0.201904181610/tools/bin/../lib/gcc/arm-none-eabi/7.3.1/../../../../arm-none-eabi/lib/thumb/v7e-m/fpv4-sp/hard\libsupc++_nano.a
END GROUP
LOAD c:/st/stm32cubeide_1.1.0/stm32cubeide/plugins/com.st.stm32cube.ide.mcu.externaltools.gnu-tools-for-stm32.7-2018-q2-update.win32_1.0.0.201904181610/tools/bin/../lib/gcc/arm-none-eabi/7.3.1/../../../../arm-none-eabi/lib/thumb/v7e-m/fpv4-sp/hard\libstdc++_nano.a
LOAD c:/st/stm32cubeide_1.1.0/stm32cubeide/plugins/com.st.stm32cube.ide.mcu.externaltools.gnu-tools-for-stm32.7-2018-q2-update.win32_1.0.0.201904181610/tools/bin/../lib/gcc/arm-none-eabi/7.3.1/../../../../arm-none-eabi/lib/thumb/v7e-m/fpv4-sp/hard\libm.a
LOAD c:/st/stm32cubeide_1.1.0/stm32cubeide/plugins/com.st.stm32cube.ide.mcu.externaltools.gnu-tools-for-stm32.7-2018-q2-update.win32_1.0.0.201904181610/tools/bin/../lib/gcc/arm-none-eabi/7.3.1/../../../../arm-none-eabi/lib/thumb/v7e-m/fpv4-sp/hard\libc_nano.a
START GROUP
LOAD c:/st/stm32cubeide_1.1.0/stm32cubeide/plugins/com.st.stm32cube.ide.mcu.externaltools.gnu-tools-for-stm32.7-2018-q2-update.win32_1.0.0.201904181610/tools/bin/../lib/gcc/arm-none-eabi/7.3.1/thumb/v7e-m/fpv4-sp/hard\libgcc.a
LOAD c:/st/stm32cubeide_1.1.0/stm32cubeide/plugins/com.st.stm32cube.ide.mcu.externaltools.gnu-tools-for-stm32.7-2018-q2-update.win32_1.0.0.201904181610/tools/bin/../lib/gcc/arm-none-eabi/7.3.1/../../../../arm-none-eabi/lib/thumb/v7e-m/fpv4-sp/hard\libc_nano.a
END GROUP
START GROUP
LOAD c:/st/stm32cubeide_1.1.0/stm32cubeide/plugins/com.st.stm32cube.ide.mcu.externaltools.gnu-tools-for-stm32.7-2018-q2-update.win32_1.0.0.201904181610/tools/bin/../lib/gcc/arm-none-eabi/7.3.1/thumb/v7e-m/fpv4-sp/hard\libgcc.a
LOAD c:/st/stm32cubeide_1.1.0/stm32cubeide/plugins/com.st.stm32cube.ide.mcu.externaltools.gnu-tools-for-stm32.7-2018-q2-update.win32_1.0.0.201904181610/tools/bin/../lib/gcc/arm-none-eabi/7.3.1/../../../../arm-none-eabi/lib/thumb/v7e-m/fpv4-sp/hard\libc_nano.a
LOAD c:/st/stm32cubeide_1.1.0/stm32cubeide/plugins/com.st.stm32cube.ide.mcu.externaltools.gnu-tools-for-stm32.7-2018-q2-update.win32_1.0.0.201904181610/tools/bin/../lib/gcc/arm-none-eabi/7.3.1/../../../../arm-none-eabi/lib/thumb/v7e-m/fpv4-sp/hard\libnosys.a
END GROUP
START GROUP
LOAD c:/st/stm32cubeide_1.1.0/stm32cubeide/plugins/com.st.stm32cube.ide.mcu.externaltools.gnu-tools-for-stm32.7-2018-q2-update.win32_1.0.0.201904181610/tools/bin/../lib/gcc/arm-none-eabi/7.3.1/thumb/v7e-m/fpv4-sp/hard\libgcc.a
LOAD c:/st/stm32cubeide_1.1.0/stm32cubeide/plugins/com.st.stm32cube.ide.mcu.externaltools.gnu-tools-for-stm32.7-2018-q2-update.win32_1.0.0.201904181610/tools/bin/../lib/gcc/arm-none-eabi/7.3.1/../../../../arm-none-eabi/lib/thumb/v7e-m/fpv4-sp/hard\libc_nano.a
LOAD c:/st/stm32cubeide_1.1.0/stm32cubeide/plugins/com.st.stm32cube.ide.mcu.externaltools.gnu-tools-for-stm32.7-2018-q2-update.win32_1.0.0.201904181610/tools/bin/../lib/gcc/arm-none-eabi/7.3.1/../../../../arm-none-eabi/lib/thumb/v7e-m/fpv4-sp/hard\libnosys.a
END GROUP
LOAD c:/st/stm32cubeide_1.1.0/stm32cubeide/plugins/com.st.stm32cube.ide.mcu.externaltools.gnu-tools-for-stm32.7-2018-q2-update.win32_1.0.0.201904181610/tools/bin/../lib/gcc/arm-none-eabi/7.3.1/thumb/v7e-m/fpv4-sp/hard/crtend.o
LOAD c:/st/stm32cubeide_1.1.0/stm32cubeide/plugins/com.st.stm32cube.ide.mcu.externaltools.gnu-tools-for-stm32.7-2018-q2-update.win32_1.0.0.201904181610/tools/bin/../lib/gcc/arm-none-eabi/7.3.1/thumb/v7e-m/fpv4-sp/hard/crtn.o
                0x0000000020050000                _estack = (ORIGIN (RAM) + LENGTH (RAM))
                0x0000000000000200                _Min_Heap_Size = 0x200
                0x0000000000000400                _Min_Stack_Size = 0x400

.isr_vector     0x0000000008000000      0x1d8
                0x0000000008000000                . = ALIGN (0x4)
 *(.isr_vector)
 .isr_vector    0x0000000008000000      0x1d8 Core/Startup/startup_stm32f413zhtx.o
                0x0000000008000000                g_pfnVectors
                0x00000000080001d8                . = ALIGN (0x4)

.text           0x00000000080001e0     0x9d2c
                0x00000000080001e0                . = ALIGN (0x4)
 *(.text)
 .text          0x00000000080001e0       0x40 c:/st/stm32cubeide_1.1.0/stm32cubeide/plugins/com.st.stm32cube.ide.mcu.externaltools.gnu-tools-for-stm32.7-2018-q2-update.win32_1.0.0.201904181610/tools/bin/../lib/gcc/arm-none-eabi/7.3.1/thumb/v7e-m/fpv4-sp/hard/crtbegin.o
 .text          0x0000000008000220      0x378 c:/st/stm32cubeide_1.1.0/stm32cubeide/plugins/com.st.stm32cube.ide.mcu.externaltools.gnu-tools-for-stm32.7-2018-q2-update.win32_1.0.0.201904181610/tools/bin/../lib/gcc/arm-none-eabi/7.3.1/thumb/v7e-m/fpv4-sp/hard\libgcc.a(_arm_addsubdf3.o)
                0x0000000008000220                __aeabi_drsub
                0x0000000008000228                __aeabi_dsub
                0x0000000008000228                __subdf3
                0x000000000800022c                __aeabi_dadd
                0x000000000800022c                __adddf3
                0x00000000080004a4                __floatunsidf
                0x00000000080004a4                __aeabi_ui2d
                0x00000000080004c4                __floatsidf
                0x00000000080004c4                __aeabi_i2d
                0x00000000080004e8                __aeabi_f2d
                0x00000000080004e8                __extendsfdf2
                0x000000000800052c                __floatundidf
                0x000000000800052c                __aeabi_ul2d
                0x000000000800053c                __floatdidf
                0x000000000800053c                __aeabi_l2d
 .text          0x0000000008000598      0x424 c:/st/stm32cubeide_1.1.0/stm32cubeide/plugins/com.st.stm32cube.ide.mcu.externaltools.gnu-tools-for-stm32.7-2018-q2-update.win32_1.0.0.201904181610/tools/bin/../lib/gcc/arm-none-eabi/7.3.1/thumb/v7e-m/fpv4-sp/hard\libgcc.a(_arm_muldivdf3.o)
                0x0000000008000598                __aeabi_dmul
                0x0000000008000598                __muldf3
                0x00000000080007ec                __divdf3
                0x00000000080007ec                __aeabi_ddiv
 .text          0x00000000080009bc      0x110 c:/st/stm32cubeide_1.1.0/stm32cubeide/plugins/com.st.stm32cube.ide.mcu.externaltools.gnu-tools-for-stm32.7-2018-q2-update.win32_1.0.0.201904181610/tools/bin/../lib/gcc/arm-none-eabi/7.3.1/thumb/v7e-m/fpv4-sp/hard\libgcc.a(_arm_cmpdf2.o)
                0x00000000080009bc                __gtdf2
                0x00000000080009bc                __gedf2
                0x00000000080009c4                __ltdf2
                0x00000000080009c4                __ledf2
                0x00000000080009cc                __nedf2
                0x00000000080009cc                __eqdf2
                0x00000000080009cc                __cmpdf2
                0x0000000008000a48                __aeabi_cdrcmple
                0x0000000008000a58                __aeabi_cdcmpeq
                0x0000000008000a58                __aeabi_cdcmple
                0x0000000008000a68                __aeabi_dcmpeq
                0x0000000008000a7c                __aeabi_dcmplt
                0x0000000008000a90                __aeabi_dcmple
                0x0000000008000aa4                __aeabi_dcmpge
                0x0000000008000ab8                __aeabi_dcmpgt
 .text          0x0000000008000acc       0x50 c:/st/stm32cubeide_1.1.0/stm32cubeide/plugins/com.st.stm32cube.ide.mcu.externaltools.gnu-tools-for-stm32.7-2018-q2-update.win32_1.0.0.201904181610/tools/bin/../lib/gcc/arm-none-eabi/7.3.1/thumb/v7e-m/fpv4-sp/hard\libgcc.a(_arm_fixdfsi.o)
                0x0000000008000acc                __aeabi_d2iz
                0x0000000008000acc                __fixdfsi
 .text          0x0000000008000b1c       0x40 c:/st/stm32cubeide_1.1.0/stm32cubeide/plugins/com.st.stm32cube.ide.mcu.externaltools.gnu-tools-for-stm32.7-2018-q2-update.win32_1.0.0.201904181610/tools/bin/../lib/gcc/arm-none-eabi/7.3.1/thumb/v7e-m/fpv4-sp/hard\libgcc.a(_arm_fixunsdfsi.o)
                0x0000000008000b1c                __aeabi_d2uiz
                0x0000000008000b1c                __fixunsdfsi
 .text          0x0000000008000b5c       0x30 c:/st/stm32cubeide_1.1.0/stm32cubeide/plugins/com.st.stm32cube.ide.mcu.externaltools.gnu-tools-for-stm32.7-2018-q2-update.win32_1.0.0.201904181610/tools/bin/../lib/gcc/arm-none-eabi/7.3.1/thumb/v7e-m/fpv4-sp/hard\libgcc.a(_aeabi_uldivmod.o)
                0x0000000008000b5c                __aeabi_uldivmod
 .text          0x0000000008000b8c      0x2cc c:/st/stm32cubeide_1.1.0/stm32cubeide/plugins/com.st.stm32cube.ide.mcu.externaltools.gnu-tools-for-stm32.7-2018-q2-update.win32_1.0.0.201904181610/tools/bin/../lib/gcc/arm-none-eabi/7.3.1/thumb/v7e-m/fpv4-sp/hard\libgcc.a(_udivmoddi4.o)
                0x0000000008000b8c                __udivmoddi4
 .text          0x0000000008000e58        0x4 c:/st/stm32cubeide_1.1.0/stm32cubeide/plugins/com.st.stm32cube.ide.mcu.externaltools.gnu-tools-for-stm32.7-2018-q2-update.win32_1.0.0.201904181610/tools/bin/../lib/gcc/arm-none-eabi/7.3.1/thumb/v7e-m/fpv4-sp/hard\libgcc.a(_dvmd_tls.o)
                0x0000000008000e58                __aeabi_idiv0
                0x0000000008000e58                __aeabi_ldiv0
 *(.text*)
 .text.StartTaskMain
                0x0000000008000e5c      0x48c Core/Src/MainTask.o
                0x0000000008000e5c                StartTaskMain
 .text.StartThreads
                0x00000000080012e8      0x150 Core/Src/MainTask.o
                0x00000000080012e8                StartThreads
 .text.StartTaskSocket
                0x0000000008001438       0xfc Core/Src/SocketTask.o
                0x0000000008001438                StartTaskSocket
 .text.MX_ADC1_Init
                0x0000000008001534       0x6c Core/Src/adc.o
                0x0000000008001534                MX_ADC1_Init
 .text.HAL_ADC_MspInit
                0x00000000080015a0       0x64 Core/Src/adc.o
                0x00000000080015a0                HAL_ADC_MspInit
 .text.MX_DAC_Init
                0x0000000008001604       0x40 Core/Src/dac.o
                0x0000000008001604                MX_DAC_Init
 .text.HAL_DAC_MspInit
                0x0000000008001644       0x64 Core/Src/dac.o
                0x0000000008001644                HAL_DAC_MspInit
 .text.DfuCheck
                0x00000000080016a8       0x30 Core/Src/dfu.o
                0x00000000080016a8                DfuCheck
 .text.dfu_run_bootloader
                0x00000000080016d8       0x30 Core/Src/dfu.o
                0x00000000080016d8                dfu_run_bootloader
 .text.MX_FMPI2C1_Init
                0x0000000008001708       0x4c Core/Src/fmpi2c.o
                0x0000000008001708                MX_FMPI2C1_Init
 .text.HAL_FMPI2C_MspInit
                0x0000000008001754       0x74 Core/Src/fmpi2c.o
                0x0000000008001754                HAL_FMPI2C_MspInit
 .text.StartDefaultTask
                0x00000000080017c8       0x10 Core/Src/freertos.o
                0x00000000080017c8                StartDefaultTask
 .text.vApplicationStackOverflowHook
                0x00000000080017d8        0x4 Core/Src/freertos.o
                0x00000000080017d8                vApplicationStackOverflowHook
 .text.vApplicationMallocFailedHook
                0x00000000080017dc        0x4 Core/Src/freertos.o
                0x00000000080017dc                vApplicationMallocFailedHook
 .text.vApplicationGetIdleTaskMemory
                0x00000000080017e0       0x20 Core/Src/freertos.o
                0x00000000080017e0                vApplicationGetIdleTaskMemory
 .text.MX_FREERTOS_Init
                0x0000000008001800       0x30 Core/Src/freertos.o
                0x0000000008001800                MX_FREERTOS_Init
 .text.MX_FSMC_Init
                0x0000000008001830       0x70 Core/Src/fsmc.o
                0x0000000008001830                MX_FSMC_Init
 .text.HAL_SRAM_MspInit
                0x00000000080018a0      0x110 Core/Src/fsmc.o
                0x00000000080018a0                HAL_SRAM_MspInit
 .text.MX_GPIO_Init
                0x00000000080019b0      0x1c8 Core/Src/gpio.o
                0x00000000080019b0                MX_GPIO_Init
 .text.MX_I2C1_Init
                0x0000000008001b78       0x40 Core/Src/i2c.o
                0x0000000008001b78                MX_I2C1_Init
 .text.MX_I2C2_Init
                0x0000000008001bb8       0x40 Core/Src/i2c.o
                0x0000000008001bb8                MX_I2C2_Init
 .text.MX_I2C3_Init
                0x0000000008001bf8       0x40 Core/Src/i2c.o
                0x0000000008001bf8                MX_I2C3_Init
 .text.HAL_I2C_MspInit
                0x0000000008001c38      0x190 Core/Src/i2c.o
                0x0000000008001c38                HAL_I2C_MspInit
 .text.SystemClock_Config
                0x0000000008001dc8       0xbc Core/Src/main.o
                0x0000000008001dc8                SystemClock_Config
 .text.startup.main
                0x0000000008001e84       0x48 Core/Src/main.o
                0x0000000008001e84                main
 .text.HAL_TIM_PeriodElapsedCallback
                0x0000000008001ecc       0x14 Core/Src/main.o
                0x0000000008001ecc                HAL_TIM_PeriodElapsedCallback
 .text.Error_Handler
                0x0000000008001ee0        0x4 Core/Src/main.o
                0x0000000008001ee0                Error_Handler
 .text._out_null
                0x0000000008001ee4        0x4 Core/Src/printf.o
 .text._out_char
                0x0000000008001ee8       0x1c Core/Src/printf.o
 .text._ntoa_format
                0x0000000008001f04      0x21c Core/Src/printf.o
 .text._etoa.part.0
                0x0000000008002120      0x4f4 Core/Src/printf.o
 *fill*         0x0000000008002614        0x4 
 .text._ftoa.part.1
                0x0000000008002618      0x500 Core/Src/printf.o
 .text._ftoa    0x0000000008002b18      0x13c Core/Src/printf.o
 .text._vsnprintf
                0x0000000008002c54      0xa08 Core/Src/printf.o
 .text.printf_  0x000000000800365c       0x2c Core/Src/printf.o
                0x000000000800365c                printf_
 .text.MX_RNG_Init
                0x0000000008003688       0x20 Core/Src/rng.o
                0x0000000008003688                MX_RNG_Init
 .text.HAL_RNG_MspInit
                0x00000000080036a8       0x30 Core/Src/rng.o
                0x00000000080036a8                HAL_RNG_MspInit
 .text.MX_SPI1_Init
                0x00000000080036d8       0x44 Core/Src/spi.o
                0x00000000080036d8                MX_SPI1_Init
 .text.MX_SPI2_Init
                0x000000000800371c       0x44 Core/Src/spi.o
                0x000000000800371c                MX_SPI2_Init
 .text.MX_SPI4_Init
                0x0000000008003760       0x44 Core/Src/spi.o
                0x0000000008003760                MX_SPI4_Init
 .text.HAL_SPI_MspInit
                0x00000000080037a4      0x134 Core/Src/spi.o
                0x00000000080037a4                HAL_SPI_MspInit
 .text.HAL_MspInit
                0x00000000080038d8       0x40 Core/Src/stm32f4xx_hal_msp.o
                0x00000000080038d8                HAL_MspInit
 .text.HAL_InitTick
                0x0000000008003918       0x7c Core/Src/stm32f4xx_hal_timebase_tim.o
                0x0000000008003918                HAL_InitTick
 .text.NMI_Handler
                0x0000000008003994        0x4 Core/Src/stm32f4xx_it.o
                0x0000000008003994                NMI_Handler
 .text.HardFault_Handler
                0x0000000008003998        0x4 Core/Src/stm32f4xx_it.o
                0x0000000008003998                HardFault_Handler
 .text.MemManage_Handler
                0x000000000800399c        0x4 Core/Src/stm32f4xx_it.o
                0x000000000800399c                MemManage_Handler
 .text.BusFault_Handler
                0x00000000080039a0        0x4 Core/Src/stm32f4xx_it.o
                0x00000000080039a0                BusFault_Handler
 .text.UsageFault_Handler
                0x00000000080039a4        0x4 Core/Src/stm32f4xx_it.o
                0x00000000080039a4                UsageFault_Handler
 .text.DebugMon_Handler
                0x00000000080039a8        0x4 Core/Src/stm32f4xx_it.o
                0x00000000080039a8                DebugMon_Handler
 .text.TIM1_UP_TIM10_IRQHandler
                0x00000000080039ac        0xc Core/Src/stm32f4xx_it.o
                0x00000000080039ac                TIM1_UP_TIM10_IRQHandler
 .text.OTG_FS_IRQHandler
                0x00000000080039b8        0xc Core/Src/stm32f4xx_it.o
                0x00000000080039b8                OTG_FS_IRQHandler
 .text._sbrk    0x00000000080039c4       0x3c Core/Src/sysmem.o
                0x00000000080039c4                _sbrk
 .text.SystemInit
                0x0000000008003a00       0x50 Core/Src/system_stm32f4xx.o
                0x0000000008003a00                SystemInit
 .text.MX_USART3_UART_Init
                0x0000000008003a50       0x38 Core/Src/usart.o
                0x0000000008003a50                MX_USART3_UART_Init
 .text.HAL_UART_MspInit
                0x0000000008003a88       0xa0 Core/Src/usart.o
                0x0000000008003a88                HAL_UART_MspInit
 .text.Reset_Handler
                0x0000000008003b28       0x54 Core/Startup/startup_stm32f413zhtx.o
                0x0000000008003b28                Reset_Handler
 .text.Default_Handler
                0x0000000008003b7c        0x2 Core/Startup/startup_stm32f413zhtx.o
                0x0000000008003b7c                RTC_Alarm_IRQHandler
                0x0000000008003b7c                EXTI2_IRQHandler
                0x0000000008003b7c                TIM8_CC_IRQHandler
                0x0000000008003b7c                UART8_IRQHandler
                0x0000000008003b7c                FMPI2C1_EV_IRQHandler
                0x0000000008003b7c                SPI4_IRQHandler
                0x0000000008003b7c                TIM1_CC_IRQHandler
                0x0000000008003b7c                DMA2_Stream5_IRQHandler
                0x0000000008003b7c                DMA1_Stream5_IRQHandler
                0x0000000008003b7c                CAN3_RX1_IRQHandler
                0x0000000008003b7c                PVD_IRQHandler
                0x0000000008003b7c                SDIO_IRQHandler
                0x0000000008003b7c                TAMP_STAMP_IRQHandler
                0x0000000008003b7c                CAN2_RX1_IRQHandler
                0x0000000008003b7c                EXTI3_IRQHandler
                0x0000000008003b7c                TIM8_TRG_COM_TIM14_IRQHandler
                0x0000000008003b7c                DFSDM1_FLT1_IRQHandler
                0x0000000008003b7c                TIM8_UP_TIM13_IRQHandler
                0x0000000008003b7c                I2C3_ER_IRQHandler
                0x0000000008003b7c                EXTI0_IRQHandler
                0x0000000008003b7c                I2C2_EV_IRQHandler
                0x0000000008003b7c                DMA1_Stream2_IRQHandler
                0x0000000008003b7c                CAN1_RX0_IRQHandler
                0x0000000008003b7c                FPU_IRQHandler
                0x0000000008003b7c                CAN3_SCE_IRQHandler
                0x0000000008003b7c                CAN2_SCE_IRQHandler
                0x0000000008003b7c                DMA2_Stream2_IRQHandler
                0x0000000008003b7c                SPI1_IRQHandler
                0x0000000008003b7c                TIM6_DAC_IRQHandler
                0x0000000008003b7c                TIM1_BRK_TIM9_IRQHandler
                0x0000000008003b7c                CAN2_RX0_IRQHandler
                0x0000000008003b7c                DMA2_Stream3_IRQHandler
                0x0000000008003b7c                USART6_IRQHandler
                0x0000000008003b7c                CAN3_RX0_IRQHandler
                0x0000000008003b7c                USART3_IRQHandler
                0x0000000008003b7c                DFSDM2_FLT3_IRQHandler
                0x0000000008003b7c                CAN1_RX1_IRQHandler
                0x0000000008003b7c                UART5_IRQHandler
                0x0000000008003b7c                DMA2_Stream0_IRQHandler
                0x0000000008003b7c                TIM4_IRQHandler
                0x0000000008003b7c                QUADSPI_IRQHandler
                0x0000000008003b7c                I2C1_EV_IRQHandler
                0x0000000008003b7c                DMA1_Stream6_IRQHandler
                0x0000000008003b7c                DMA1_Stream1_IRQHandler
                0x0000000008003b7c                UART4_IRQHandler
                0x0000000008003b7c                TIM3_IRQHandler
                0x0000000008003b7c                RCC_IRQHandler
                0x0000000008003b7c                UART9_IRQHandler
                0x0000000008003b7c                TIM8_BRK_TIM12_IRQHandler
                0x0000000008003b7c                Default_Handler
                0x0000000008003b7c                EXTI15_10_IRQHandler
                0x0000000008003b7c                ADC_IRQHandler
                0x0000000008003b7c                DMA1_Stream7_IRQHandler
                0x0000000008003b7c                DFSDM2_FLT0_IRQHandler
                0x0000000008003b7c                SPI5_IRQHandler
                0x0000000008003b7c                TIM7_IRQHandler
                0x0000000008003b7c                CAN2_TX_IRQHandler
                0x0000000008003b7c                TIM5_IRQHandler
                0x0000000008003b7c                DMA2_Stream7_IRQHandler
                0x0000000008003b7c                I2C3_EV_IRQHandler
                0x0000000008003b7c                DFSDM2_FLT2_IRQHandler
                0x0000000008003b7c                EXTI9_5_IRQHandler
                0x0000000008003b7c                RTC_WKUP_IRQHandler
                0x0000000008003b7c                SPI2_IRQHandler
                0x0000000008003b7c                DMA1_Stream0_IRQHandler
                0x0000000008003b7c                CAN1_TX_IRQHandler
                0x0000000008003b7c                FMPI2C1_ER_IRQHandler
                0x0000000008003b7c                EXTI4_IRQHandler
                0x0000000008003b7c                DFSDM2_FLT1_IRQHandler
                0x0000000008003b7c                RNG_IRQHandler
                0x0000000008003b7c                FSMC_IRQHandler
                0x0000000008003b7c                WWDG_IRQHandler
                0x0000000008003b7c                CAN3_TX_IRQHandler
                0x0000000008003b7c                TIM2_IRQHandler
                0x0000000008003b7c                OTG_FS_WKUP_IRQHandler
                0x0000000008003b7c                TIM1_TRG_COM_TIM11_IRQHandler
                0x0000000008003b7c                EXTI1_IRQHandler
                0x0000000008003b7c                UART7_IRQHandler
                0x0000000008003b7c                USART2_IRQHandler
                0x0000000008003b7c                DFSDM1_FLT0_IRQHandler
                0x0000000008003b7c                I2C2_ER_IRQHandler
                0x0000000008003b7c                DMA2_Stream1_IRQHandler
                0x0000000008003b7c                CAN1_SCE_IRQHandler
                0x0000000008003b7c                FLASH_IRQHandler
                0x0000000008003b7c                DMA2_Stream4_IRQHandler
                0x0000000008003b7c                USART1_IRQHandler
                0x0000000008003b7c                SPI3_IRQHandler
                0x0000000008003b7c                DMA1_Stream4_IRQHandler
                0x0000000008003b7c                I2C1_ER_IRQHandler
                0x0000000008003b7c                LPTIM1_IRQHandler
                0x0000000008003b7c                DMA2_Stream6_IRQHandler
                0x0000000008003b7c                UART10_IRQHandler
                0x0000000008003b7c                SAI1_IRQHandler
                0x0000000008003b7c                DMA1_Stream3_IRQHandler
 *fill*         0x0000000008003b7e        0x2 
 .text.HAL_Init
                0x0000000008003b80       0x34 Drivers/STM32F4xx_HAL_Driver/Src/stm32f4xx_hal.o
                0x0000000008003b80                HAL_Init
 .text.HAL_IncTick
                0x0000000008003bb4       0x18 Drivers/STM32F4xx_HAL_Driver/Src/stm32f4xx_hal.o
                0x0000000008003bb4                HAL_IncTick
 .text.HAL_GetTick
                0x0000000008003bcc        0xc Drivers/STM32F4xx_HAL_Driver/Src/stm32f4xx_hal.o
                0x0000000008003bcc                HAL_GetTick
 .text.HAL_Delay
                0x0000000008003bd8       0x24 Drivers/STM32F4xx_HAL_Driver/Src/stm32f4xx_hal.o
                0x0000000008003bd8                HAL_Delay
 .text.HAL_ADC_Init
                0x0000000008003bfc      0x164 Drivers/STM32F4xx_HAL_Driver/Src/stm32f4xx_hal_adc.o
                0x0000000008003bfc                HAL_ADC_Init
 .text.HAL_ADC_ConfigChannel
                0x0000000008003d60      0x170 Drivers/STM32F4xx_HAL_Driver/Src/stm32f4xx_hal_adc.o
                0x0000000008003d60                HAL_ADC_ConfigChannel
 .text.HAL_NVIC_SetPriorityGrouping
                0x0000000008003ed0       0x24 Drivers/STM32F4xx_HAL_Driver/Src/stm32f4xx_hal_cortex.o
                0x0000000008003ed0                HAL_NVIC_SetPriorityGrouping
 .text.HAL_NVIC_SetPriority
                0x0000000008003ef4       0x6c Drivers/STM32F4xx_HAL_Driver/Src/stm32f4xx_hal_cortex.o
                0x0000000008003ef4                HAL_NVIC_SetPriority
 .text.HAL_NVIC_EnableIRQ
                0x0000000008003f60       0x1c Drivers/STM32F4xx_HAL_Driver/Src/stm32f4xx_hal_cortex.o
                0x0000000008003f60                HAL_NVIC_EnableIRQ
 .text.HAL_DAC_Init
                0x0000000008003f7c       0x2c Drivers/STM32F4xx_HAL_Driver/Src/stm32f4xx_hal_dac.o
                0x0000000008003f7c                HAL_DAC_Init
 .text.HAL_DAC_ConfigChannel
                0x0000000008003fa8       0x48 Drivers/STM32F4xx_HAL_Driver/Src/stm32f4xx_hal_dac.o
                0x0000000008003fa8                HAL_DAC_ConfigChannel
 .text.HAL_FMPI2C_Init
                0x0000000008003ff0       0xa8 Drivers/STM32F4xx_HAL_Driver/Src/stm32f4xx_hal_fmpi2c.o
                0x0000000008003ff0                HAL_FMPI2C_Init
 .text.HAL_FMPI2CEx_ConfigAnalogFilter
                0x0000000008004098       0x54 Drivers/STM32F4xx_HAL_Driver/Src/stm32f4xx_hal_fmpi2c_ex.o
                0x0000000008004098                HAL_FMPI2CEx_ConfigAnalogFilter
 .text.HAL_GPIO_Init
                0x00000000080040ec      0x224 Drivers/STM32F4xx_HAL_Driver/Src/stm32f4xx_hal_gpio.o
                0x00000000080040ec                HAL_GPIO_Init
 .text.HAL_GPIO_ReadPin
                0x0000000008004310        0xc Drivers/STM32F4xx_HAL_Driver/Src/stm32f4xx_hal_gpio.o
                0x0000000008004310                HAL_GPIO_ReadPin
 .text.HAL_GPIO_WritePin
                0x000000000800431c        0x8 Drivers/STM32F4xx_HAL_Driver/Src/stm32f4xx_hal_gpio.o
                0x000000000800431c                HAL_GPIO_WritePin
 .text.HAL_GPIO_TogglePin
                0x0000000008004324       0x10 Drivers/STM32F4xx_HAL_Driver/Src/stm32f4xx_hal_gpio.o
                0x0000000008004324                HAL_GPIO_TogglePin
 .text.HAL_I2C_Init
                0x0000000008004334      0x170 Drivers/STM32F4xx_HAL_Driver/Src/stm32f4xx_hal_i2c.o
                0x0000000008004334                HAL_I2C_Init
 .text.HAL_PCD_Init
                0x00000000080044a4      0x12c Drivers/STM32F4xx_HAL_Driver/Src/stm32f4xx_hal_pcd.o
                0x00000000080044a4                HAL_PCD_Init
 .text.HAL_PCD_Start
                0x00000000080045d0       0x44 Drivers/STM32F4xx_HAL_Driver/Src/stm32f4xx_hal_pcd.o
                0x00000000080045d0                HAL_PCD_Start
 .text.HAL_PCD_IRQHandler
                0x0000000008004614      0x6f4 Drivers/STM32F4xx_HAL_Driver/Src/stm32f4xx_hal_pcd.o
                0x0000000008004614                HAL_PCD_IRQHandler
 .text.HAL_PCD_SetAddress
                0x0000000008004d08       0x28 Drivers/STM32F4xx_HAL_Driver/Src/stm32f4xx_hal_pcd.o
                0x0000000008004d08                HAL_PCD_SetAddress
 .text.HAL_PCD_EP_Open
                0x0000000008004d30       0x68 Drivers/STM32F4xx_HAL_Driver/Src/stm32f4xx_hal_pcd.o
                0x0000000008004d30                HAL_PCD_EP_Open
 .text.HAL_PCD_EP_Close
                0x0000000008004d98       0x60 Drivers/STM32F4xx_HAL_Driver/Src/stm32f4xx_hal_pcd.o
                0x0000000008004d98                HAL_PCD_EP_Close
 .text.HAL_PCD_EP_Receive
                0x0000000008004df8       0x50 Drivers/STM32F4xx_HAL_Driver/Src/stm32f4xx_hal_pcd.o
                0x0000000008004df8                HAL_PCD_EP_Receive
 .text.HAL_PCD_EP_GetRxCount
                0x0000000008004e48       0x14 Drivers/STM32F4xx_HAL_Driver/Src/stm32f4xx_hal_pcd.o
                0x0000000008004e48                HAL_PCD_EP_GetRxCount
 .text.HAL_PCD_EP_Transmit
                0x0000000008004e5c       0x48 Drivers/STM32F4xx_HAL_Driver/Src/stm32f4xx_hal_pcd.o
                0x0000000008004e5c                HAL_PCD_EP_Transmit
 .text.HAL_PCD_EP_SetStall
                0x0000000008004ea4       0x88 Drivers/STM32F4xx_HAL_Driver/Src/stm32f4xx_hal_pcd.o
                0x0000000008004ea4                HAL_PCD_EP_SetStall
 .text.HAL_PCD_EP_ClrStall
                0x0000000008004f2c       0x70 Drivers/STM32F4xx_HAL_Driver/Src/stm32f4xx_hal_pcd.o
                0x0000000008004f2c                HAL_PCD_EP_ClrStall
 .text.HAL_PCDEx_SetTxFiFo
                0x0000000008004f9c       0x48 Drivers/STM32F4xx_HAL_Driver/Src/stm32f4xx_hal_pcd_ex.o
                0x0000000008004f9c                HAL_PCDEx_SetTxFiFo
 .text.HAL_PCDEx_SetRxFiFo
                0x0000000008004fe4        0x8 Drivers/STM32F4xx_HAL_Driver/Src/stm32f4xx_hal_pcd_ex.o
                0x0000000008004fe4                HAL_PCDEx_SetRxFiFo
 .text.HAL_PCDEx_ActivateLPM
                0x0000000008004fec       0x28 Drivers/STM32F4xx_HAL_Driver/Src/stm32f4xx_hal_pcd_ex.o
                0x0000000008004fec                HAL_PCDEx_ActivateLPM
 .text.HAL_PCDEx_LPM_Callback
                0x0000000008005014        0x4 Drivers/STM32F4xx_HAL_Driver/Src/stm32f4xx_hal_pcd_ex.o
                0x0000000008005014                HAL_PCDEx_LPM_Callback
 .text.HAL_RCC_GetSysClockFreq
                0x0000000008005018       0x6c Drivers/STM32F4xx_HAL_Driver/Src/stm32f4xx_hal_rcc.o
                0x0000000008005018                HAL_RCC_GetSysClockFreq
 .text.HAL_RCC_ClockConfig
                0x0000000008005084      0x134 Drivers/STM32F4xx_HAL_Driver/Src/stm32f4xx_hal_rcc.o
                0x0000000008005084                HAL_RCC_ClockConfig
 .text.HAL_RCC_GetHCLKFreq
                0x00000000080051b8        0xc Drivers/STM32F4xx_HAL_Driver/Src/stm32f4xx_hal_rcc.o
                0x00000000080051b8                HAL_RCC_GetHCLKFreq
 .text.HAL_RCC_GetPCLK1Freq
                0x00000000080051c4       0x20 Drivers/STM32F4xx_HAL_Driver/Src/stm32f4xx_hal_rcc.o
                0x00000000080051c4                HAL_RCC_GetPCLK1Freq
 .text.HAL_RCC_GetPCLK2Freq
                0x00000000080051e4       0x20 Drivers/STM32F4xx_HAL_Driver/Src/stm32f4xx_hal_rcc.o
                0x00000000080051e4                HAL_RCC_GetPCLK2Freq
 .text.HAL_RCC_GetClockConfig
                0x0000000008005204       0x44 Drivers/STM32F4xx_HAL_Driver/Src/stm32f4xx_hal_rcc.o
                0x0000000008005204                HAL_RCC_GetClockConfig
 .text.HAL_RCCEx_PeriphCLKConfig
                0x0000000008005248      0x3b4 Drivers/STM32F4xx_HAL_Driver/Src/stm32f4xx_hal_rcc_ex.o
                0x0000000008005248                HAL_RCCEx_PeriphCLKConfig
 .text.HAL_RCC_OscConfig
                0x00000000080055fc      0x378 Drivers/STM32F4xx_HAL_Driver/Src/stm32f4xx_hal_rcc_ex.o
                0x00000000080055fc                HAL_RCC_OscConfig
 .text.HAL_RNG_Init
                0x0000000008005974       0x34 Drivers/STM32F4xx_HAL_Driver/Src/stm32f4xx_hal_rng.o
                0x0000000008005974                HAL_RNG_Init
 .text.HAL_SPI_Init
                0x00000000080059a8       0x80 Drivers/STM32F4xx_HAL_Driver/Src/stm32f4xx_hal_spi.o
                0x00000000080059a8                HAL_SPI_Init
 .text.HAL_SRAM_Init
                0x0000000008005a28       0x58 Drivers/STM32F4xx_HAL_Driver/Src/stm32f4xx_hal_sram.o
                0x0000000008005a28                HAL_SRAM_Init
 .text.HAL_TIM_Base_MspInit
                0x0000000008005a80        0x4 Drivers/STM32F4xx_HAL_Driver/Src/stm32f4xx_hal_tim.o
                0x0000000008005a80                HAL_TIM_Base_MspInit
 .text.HAL_TIM_Base_Init
                0x0000000008005a84      0x108 Drivers/STM32F4xx_HAL_Driver/Src/stm32f4xx_hal_tim.o
                0x0000000008005a84                HAL_TIM_Base_Init
 .text.HAL_TIM_Base_Start_IT
                0x0000000008005b8c       0x20 Drivers/STM32F4xx_HAL_Driver/Src/stm32f4xx_hal_tim.o
                0x0000000008005b8c                HAL_TIM_Base_Start_IT
 .text.HAL_TIM_OC_DelayElapsedCallback
                0x0000000008005bac        0x4 Drivers/STM32F4xx_HAL_Driver/Src/stm32f4xx_hal_tim.o
                0x0000000008005bac                HAL_TIM_OC_DelayElapsedCallback
 .text.HAL_TIM_IC_CaptureCallback
                0x0000000008005bb0        0x4 Drivers/STM32F4xx_HAL_Driver/Src/stm32f4xx_hal_tim.o
                0x0000000008005bb0                HAL_TIM_IC_CaptureCallback
 .text.HAL_TIM_PWM_PulseFinishedCallback
                0x0000000008005bb4        0x4 Drivers/STM32F4xx_HAL_Driver/Src/stm32f4xx_hal_tim.o
                0x0000000008005bb4                HAL_TIM_PWM_PulseFinishedCallback
 .text.HAL_TIM_TriggerCallback
                0x0000000008005bb8        0x4 Drivers/STM32F4xx_HAL_Driver/Src/stm32f4xx_hal_tim.o
                0x0000000008005bb8                HAL_TIM_TriggerCallback
 .text.HAL_TIM_IRQHandler
                0x0000000008005bbc      0x154 Drivers/STM32F4xx_HAL_Driver/Src/stm32f4xx_hal_tim.o
                0x0000000008005bbc                HAL_TIM_IRQHandler
 .text.HAL_TIMEx_CommutCallback
                0x0000000008005d10        0x4 Drivers/STM32F4xx_HAL_Driver/Src/stm32f4xx_hal_tim_ex.o
                0x0000000008005d10                HAL_TIMEx_CommutCallback
 .text.HAL_TIMEx_BreakCallback
                0x0000000008005d14        0x4 Drivers/STM32F4xx_HAL_Driver/Src/stm32f4xx_hal_tim_ex.o
                0x0000000008005d14                HAL_TIMEx_BreakCallback
 .text.HAL_UART_Init
                0x0000000008005d18      0x314 Drivers/STM32F4xx_HAL_Driver/Src/stm32f4xx_hal_uart.o
                0x0000000008005d18                HAL_UART_Init
 .text.FSMC_NORSRAM_Init
                0x000000000800602c       0x80 Drivers/STM32F4xx_HAL_Driver/Src/stm32f4xx_ll_fsmc.o
                0x000000000800602c                FSMC_NORSRAM_Init
 .text.FSMC_NORSRAM_Timing_Init
                0x00000000080060ac       0x50 Drivers/STM32F4xx_HAL_Driver/Src/stm32f4xx_ll_fsmc.o
                0x00000000080060ac                FSMC_NORSRAM_Timing_Init
 .text.FSMC_NORSRAM_Extended_Timing_Init
                0x00000000080060fc       0x44 Drivers/STM32F4xx_HAL_Driver/Src/stm32f4xx_ll_fsmc.o
                0x00000000080060fc                FSMC_NORSRAM_Extended_Timing_Init
 .text.USB_CoreInit
                0x0000000008006140       0xd4 Drivers/STM32F4xx_HAL_Driver/Src/stm32f4xx_ll_usb.o
                0x0000000008006140                USB_CoreInit
 .text.USB_SetTurnaroundTime
                0x0000000008006214       0xf8 Drivers/STM32F4xx_HAL_Driver/Src/stm32f4xx_ll_usb.o
                0x0000000008006214                USB_SetTurnaroundTime
 .text.USB_EnableGlobalInt
                0x000000000800630c       0x10 Drivers/STM32F4xx_HAL_Driver/Src/stm32f4xx_ll_usb.o
                0x000000000800630c                USB_EnableGlobalInt
 .text.USB_DisableGlobalInt
                0x000000000800631c       0x10 Drivers/STM32F4xx_HAL_Driver/Src/stm32f4xx_ll_usb.o
                0x000000000800631c                USB_DisableGlobalInt
 .text.USB_SetCurrentMode
                0x000000000800632c       0x30 Drivers/STM32F4xx_HAL_Driver/Src/stm32f4xx_ll_usb.o
                0x000000000800632c                USB_SetCurrentMode
 .text.USB_DevInit
                0x000000000800635c      0x1f4 Drivers/STM32F4xx_HAL_Driver/Src/stm32f4xx_ll_usb.o
                0x000000000800635c                USB_DevInit
 .text.USB_FlushTxFifo
                0x0000000008006550       0x24 Drivers/STM32F4xx_HAL_Driver/Src/stm32f4xx_ll_usb.o
                0x0000000008006550                USB_FlushTxFifo
 .text.USB_GetDevSpeed
                0x0000000008006574       0x18 Drivers/STM32F4xx_HAL_Driver/Src/stm32f4xx_ll_usb.o
                0x0000000008006574                USB_GetDevSpeed
 .text.USB_ActivateEndpoint
                0x000000000800658c       0x88 Drivers/STM32F4xx_HAL_Driver/Src/stm32f4xx_ll_usb.o
                0x000000000800658c                USB_ActivateEndpoint
 .text.USB_DeactivateEndpoint
                0x0000000008006614       0x68 Drivers/STM32F4xx_HAL_Driver/Src/stm32f4xx_ll_usb.o
                0x0000000008006614                USB_DeactivateEndpoint
 .text.USB_EPStartXfer
                0x000000000800667c      0x224 Drivers/STM32F4xx_HAL_Driver/Src/stm32f4xx_ll_usb.o
                0x000000000800667c                USB_EPStartXfer
 .text.USB_EP0StartXfer
                0x00000000080068a0      0x10c Drivers/STM32F4xx_HAL_Driver/Src/stm32f4xx_ll_usb.o
                0x00000000080068a0                USB_EP0StartXfer
 .text.USB_WritePacket
                0x00000000080069ac       0x2c Drivers/STM32F4xx_HAL_Driver/Src/stm32f4xx_ll_usb.o
                0x00000000080069ac                USB_WritePacket
 .text.USB_ReadPacket
                0x00000000080069d8       0x28 Drivers/STM32F4xx_HAL_Driver/Src/stm32f4xx_ll_usb.o
                0x00000000080069d8                USB_ReadPacket
 .text.USB_EPSetStall
                0x0000000008006a00       0x58 Drivers/STM32F4xx_HAL_Driver/Src/stm32f4xx_ll_usb.o
                0x0000000008006a00                USB_EPSetStall
 .text.USB_EPClearStall
                0x0000000008006a58       0x58 Drivers/STM32F4xx_HAL_Driver/Src/stm32f4xx_ll_usb.o
                0x0000000008006a58                USB_EPClearStall
 .text.USB_SetDevAddress
                0x0000000008006ab0       0x20 Drivers/STM32F4xx_HAL_Driver/Src/stm32f4xx_ll_usb.o
                0x0000000008006ab0                USB_SetDevAddress
 .text.USB_DevConnect
                0x0000000008006ad0       0x18 Drivers/STM32F4xx_HAL_Driver/Src/stm32f4xx_ll_usb.o
                0x0000000008006ad0                USB_DevConnect
 .text.USB_DevDisconnect
                0x0000000008006ae8       0x18 Drivers/STM32F4xx_HAL_Driver/Src/stm32f4xx_ll_usb.o
                0x0000000008006ae8                USB_DevDisconnect
 .text.USB_ReadInterrupts
                0x0000000008006b00        0x8 Drivers/STM32F4xx_HAL_Driver/Src/stm32f4xx_ll_usb.o
                0x0000000008006b00                USB_ReadInterrupts
 .text.USB_ReadDevAllOutEpInterrupt
                0x0000000008006b08       0x10 Drivers/STM32F4xx_HAL_Driver/Src/stm32f4xx_ll_usb.o
                0x0000000008006b08                USB_ReadDevAllOutEpInterrupt
 .text.USB_ReadDevAllInEpInterrupt
                0x0000000008006b18       0x10 Drivers/STM32F4xx_HAL_Driver/Src/stm32f4xx_ll_usb.o
                0x0000000008006b18                USB_ReadDevAllInEpInterrupt
 .text.USB_ReadDevOutEPInterrupt
                0x0000000008006b28       0x14 Drivers/STM32F4xx_HAL_Driver/Src/stm32f4xx_ll_usb.o
                0x0000000008006b28                USB_ReadDevOutEPInterrupt
 .text.USB_ReadDevInEPInterrupt
                0x0000000008006b3c       0x28 Drivers/STM32F4xx_HAL_Driver/Src/stm32f4xx_ll_usb.o
                0x0000000008006b3c                USB_ReadDevInEPInterrupt
 .text.USB_GetMode
                0x0000000008006b64        0x8 Drivers/STM32F4xx_HAL_Driver/Src/stm32f4xx_ll_usb.o
                0x0000000008006b64                USB_GetMode
 .text.USB_ActivateSetup
                0x0000000008006b6c       0x38 Drivers/STM32F4xx_HAL_Driver/Src/stm32f4xx_ll_usb.o
                0x0000000008006b6c                USB_ActivateSetup
 .text.USB_EP0_OutStart
                0x0000000008006ba4       0x50 Drivers/STM32F4xx_HAL_Driver/Src/stm32f4xx_ll_usb.o
                0x0000000008006ba4                USB_EP0_OutStart
 .text.USBD_CDC_EP0_RxReady
                0x0000000008006bf4       0x2c Middlewares/ST/STM32_USB_Device_Library/Class/CDC/Src/usbd_cdc.o
 .text.USBD_CDC_GetFSCfgDesc
                0x0000000008006c20        0xc Middlewares/ST/STM32_USB_Device_Library/Class/CDC/Src/usbd_cdc.o
 .text.USBD_CDC_GetHSCfgDesc
                0x0000000008006c2c        0xc Middlewares/ST/STM32_USB_Device_Library/Class/CDC/Src/usbd_cdc.o
 .text.USBD_CDC_GetOtherSpeedCfgDesc
                0x0000000008006c38        0xc Middlewares/ST/STM32_USB_Device_Library/Class/CDC/Src/usbd_cdc.o
 .text.USBD_CDC_GetDeviceQualifierDescriptor
                0x0000000008006c44        0xc Middlewares/ST/STM32_USB_Device_Library/Class/CDC/Src/usbd_cdc.o
                0x0000000008006c44                USBD_CDC_GetDeviceQualifierDescriptor
 .text.USBD_CDC_DataOut
                0x0000000008006c50       0x30 Middlewares/ST/STM32_USB_Device_Library/Class/CDC/Src/usbd_cdc.o
 .text.USBD_CDC_DataIn
                0x0000000008006c80       0x48 Middlewares/ST/STM32_USB_Device_Library/Class/CDC/Src/usbd_cdc.o
 .text.USBD_CDC_Setup
                0x0000000008006cc8       0xc8 Middlewares/ST/STM32_USB_Device_Library/Class/CDC/Src/usbd_cdc.o
 .text.USBD_CDC_DeInit
                0x0000000008006d90       0x44 Middlewares/ST/STM32_USB_Device_Library/Class/CDC/Src/usbd_cdc.o
 .text.USBD_CDC_Init
                0x0000000008006dd4       0xb0 Middlewares/ST/STM32_USB_Device_Library/Class/CDC/Src/usbd_cdc.o
 .text.USBD_CDC_RegisterInterface
                0x0000000008006e84       0x10 Middlewares/ST/STM32_USB_Device_Library/Class/CDC/Src/usbd_cdc.o
                0x0000000008006e84                USBD_CDC_RegisterInterface
 .text.USBD_CDC_SetTxBuffer
                0x0000000008006e94       0x10 Middlewares/ST/STM32_USB_Device_Library/Class/CDC/Src/usbd_cdc.o
                0x0000000008006e94                USBD_CDC_SetTxBuffer
 .text.USBD_CDC_SetRxBuffer
                0x0000000008006ea4        0xc Middlewares/ST/STM32_USB_Device_Library/Class/CDC/Src/usbd_cdc.o
                0x0000000008006ea4                USBD_CDC_SetRxBuffer
 .text.USBD_CDC_TransmitPacket
                0x0000000008006eb0       0x34 Middlewares/ST/STM32_USB_Device_Library/Class/CDC/Src/usbd_cdc.o
                0x0000000008006eb0                USBD_CDC_TransmitPacket
 .text.USBD_CDC_ReceivePacket
                0x0000000008006ee4       0x30 Middlewares/ST/STM32_USB_Device_Library/Class/CDC/Src/usbd_cdc.o
                0x0000000008006ee4                USBD_CDC_ReceivePacket
 .text.USBD_Init
                0x0000000008006f14       0x2c Middlewares/ST/STM32_USB_Device_Library/Core/Src/usbd_core.o
                0x0000000008006f14                USBD_Init
 .text.USBD_RegisterClass
                0x0000000008006f40       0x10 Middlewares/ST/STM32_USB_Device_Library/Core/Src/usbd_core.o
                0x0000000008006f40                USBD_RegisterClass
 .text.USBD_Start
                0x0000000008006f50        0xc Middlewares/ST/STM32_USB_Device_Library/Core/Src/usbd_core.o
                0x0000000008006f50                USBD_Start
 .text.USBD_SetClassConfig
                0x0000000008006f5c       0x14 Middlewares/ST/STM32_USB_Device_Library/Core/Src/usbd_core.o
                0x0000000008006f5c                USBD_SetClassConfig
 .text.USBD_ClrClassConfig
                0x0000000008006f70       0x10 Middlewares/ST/STM32_USB_Device_Library/Core/Src/usbd_core.o
                0x0000000008006f70                USBD_ClrClassConfig
 .text.USBD_LL_SetupStage
                0x0000000008006f80       0x60 Middlewares/ST/STM32_USB_Device_Library/Core/Src/usbd_core.o
                0x0000000008006f80                USBD_LL_SetupStage
 .text.USBD_LL_DataOutStage
                0x0000000008006fe0       0x80 Middlewares/ST/STM32_USB_Device_Library/Core/Src/usbd_core.o
                0x0000000008006fe0                USBD_LL_DataOutStage
 .text.USBD_LL_DataInStage
                0x0000000008007060       0xc4 Middlewares/ST/STM32_USB_Device_Library/Core/Src/usbd_core.o
                0x0000000008007060                USBD_LL_DataInStage
 .text.USBD_LL_Reset
                0x0000000008007124       0x50 Middlewares/ST/STM32_USB_Device_Library/Core/Src/usbd_core.o
                0x0000000008007124                USBD_LL_Reset
 .text.USBD_LL_SetSpeed
                0x0000000008007174        0x8 Middlewares/ST/STM32_USB_Device_Library/Core/Src/usbd_core.o
                0x0000000008007174                USBD_LL_SetSpeed
 .text.USBD_LL_Suspend
                0x000000000800717c       0x14 Middlewares/ST/STM32_USB_Device_Library/Core/Src/usbd_core.o
                0x000000000800717c                USBD_LL_Suspend
 .text.USBD_LL_Resume
                0x0000000008007190       0x10 Middlewares/ST/STM32_USB_Device_Library/Core/Src/usbd_core.o
                0x0000000008007190                USBD_LL_Resume
 .text.USBD_LL_SOF
                0x00000000080071a0       0x1c Middlewares/ST/STM32_USB_Device_Library/Core/Src/usbd_core.o
                0x00000000080071a0                USBD_LL_SOF
 .text.USBD_LL_IsoINIncomplete
                0x00000000080071bc        0x4 Middlewares/ST/STM32_USB_Device_Library/Core/Src/usbd_core.o
                0x00000000080071bc                USBD_LL_IsoINIncomplete
 .text.USBD_LL_IsoOUTIncomplete
                0x00000000080071c0        0x4 Middlewares/ST/STM32_USB_Device_Library/Core/Src/usbd_core.o
                0x00000000080071c0                USBD_LL_IsoOUTIncomplete
 .text.USBD_LL_DevConnected
                0x00000000080071c4        0x4 Middlewares/ST/STM32_USB_Device_Library/Core/Src/usbd_core.o
                0x00000000080071c4                USBD_LL_DevConnected
 .text.USBD_LL_DevDisconnected
                0x00000000080071c8       0x18 Middlewares/ST/STM32_USB_Device_Library/Core/Src/usbd_core.o
                0x00000000080071c8                USBD_LL_DevDisconnected
 .text.USBD_StdDevReq
                0x00000000080071e0      0x2f8 Middlewares/ST/STM32_USB_Device_Library/Core/Src/usbd_ctlreq.o
                0x00000000080071e0                USBD_StdDevReq
 .text.USBD_StdItfReq
                0x00000000080074d8       0x58 Middlewares/ST/STM32_USB_Device_Library/Core/Src/usbd_ctlreq.o
                0x00000000080074d8                USBD_StdItfReq
 .text.USBD_StdEPReq
                0x0000000008007530      0x128 Middlewares/ST/STM32_USB_Device_Library/Core/Src/usbd_ctlreq.o
                0x0000000008007530                USBD_StdEPReq
 .text.USBD_ParseSetupRequest
                0x0000000008007658       0x28 Middlewares/ST/STM32_USB_Device_Library/Core/Src/usbd_ctlreq.o
                0x0000000008007658                USBD_ParseSetupRequest
 .text.USBD_CtlError
                0x0000000008007680       0x18 Middlewares/ST/STM32_USB_Device_Library/Core/Src/usbd_ctlreq.o
                0x0000000008007680                USBD_CtlError
 .text.USBD_GetString
                0x0000000008007698       0x4c Middlewares/ST/STM32_USB_Device_Library/Core/Src/usbd_ctlreq.o
                0x0000000008007698                USBD_GetString
 .text.USBD_CtlSendData
                0x00000000080076e4       0x1c Middlewares/ST/STM32_USB_Device_Library/Core/Src/usbd_ioreq.o
                0x00000000080076e4                USBD_CtlSendData
 .text.USBD_CtlContinueSendData
                0x0000000008007700       0x10 Middlewares/ST/STM32_USB_Device_Library/Core/Src/usbd_ioreq.o
                0x0000000008007700                USBD_CtlContinueSendData
 .text.USBD_CtlPrepareRx
                0x0000000008007710       0x20 Middlewares/ST/STM32_USB_Device_Library/Core/Src/usbd_ioreq.o
                0x0000000008007710                USBD_CtlPrepareRx
 .text.USBD_CtlContinueRx
                0x0000000008007730       0x10 Middlewares/ST/STM32_USB_Device_Library/Core/Src/usbd_ioreq.o
                0x0000000008007730                USBD_CtlContinueRx
 .text.USBD_CtlSendStatus
                0x0000000008007740       0x18 Middlewares/ST/STM32_USB_Device_Library/Core/Src/usbd_ioreq.o
                0x0000000008007740                USBD_CtlSendStatus
 .text.USBD_CtlReceiveStatus
                0x0000000008007758       0x18 Middlewares/ST/STM32_USB_Device_Library/Core/Src/usbd_ioreq.o
                0x0000000008007758                USBD_CtlReceiveStatus
 .text.osKernelStart
                0x0000000008007770        0xc Middlewares/Third_Party/FreeRTOS/Source/CMSIS_RTOS/cmsis_os.o
                0x0000000008007770                osKernelStart
 .text.osThreadCreate
                0x000000000800777c       0x54 Middlewares/Third_Party/FreeRTOS/Source/CMSIS_RTOS/cmsis_os.o
                0x000000000800777c                osThreadCreate
 .text.osThreadYield
                0x00000000080077d0       0x18 Middlewares/Third_Party/FreeRTOS/Source/CMSIS_RTOS/cmsis_os.o
                0x00000000080077d0                osThreadYield
 .text.osDelay  0x00000000080077e8       0x10 Middlewares/Third_Party/FreeRTOS/Source/CMSIS_RTOS/cmsis_os.o
                0x00000000080077e8                osDelay
 .text.osPoolCreate
                0x00000000080077f8       0x74 Middlewares/Third_Party/FreeRTOS/Source/CMSIS_RTOS/cmsis_os.o
                0x00000000080077f8                osPoolCreate
 .text.osPoolAlloc
                0x000000000800786c       0x90 Middlewares/Third_Party/FreeRTOS/Source/CMSIS_RTOS/cmsis_os.o
                0x000000000800786c                osPoolAlloc
 .text.osPoolFree
                0x00000000080078fc       0x2c Middlewares/Third_Party/FreeRTOS/Source/CMSIS_RTOS/cmsis_os.o
                0x00000000080078fc                osPoolFree
 .text.osMessageCreate
                0x0000000008007928       0x2c Middlewares/Third_Party/FreeRTOS/Source/CMSIS_RTOS/cmsis_os.o
                0x0000000008007928                osMessageCreate
 .text.osMessagePut
                0x0000000008007954       0x58 Middlewares/Third_Party/FreeRTOS/Source/CMSIS_RTOS/cmsis_os.o
                0x0000000008007954                osMessagePut
 .text.osMessageGet
                0x00000000080079ac       0x8c Middlewares/Third_Party/FreeRTOS/Source/CMSIS_RTOS/cmsis_os.o
                0x00000000080079ac                osMessageGet
 .text.vListInitialise
                0x0000000008007a38       0x18 Middlewares/Third_Party/FreeRTOS/Source/list.o
                0x0000000008007a38                vListInitialise
 .text.vListInitialiseItem
                0x0000000008007a50        0x8 Middlewares/Third_Party/FreeRTOS/Source/list.o
                0x0000000008007a50                vListInitialiseItem
 .text.vListInsertEnd
                0x0000000008007a58       0x20 Middlewares/Third_Party/FreeRTOS/Source/list.o
                0x0000000008007a58                vListInsertEnd
 .text.vListInsert
                0x0000000008007a78       0x34 Middlewares/Third_Party/FreeRTOS/Source/list.o
                0x0000000008007a78                vListInsert
 .text.uxListRemove
                0x0000000008007aac       0x28 Middlewares/Third_Party/FreeRTOS/Source/list.o
                0x0000000008007aac                uxListRemove
 .text.prvUnlockQueue
                0x0000000008007ad4       0x94 Middlewares/Third_Party/FreeRTOS/Source/queue.o
 .text.xQueueGenericReset
                0x0000000008007b68       0x84 Middlewares/Third_Party/FreeRTOS/Source/queue.o
                0x0000000008007b68                xQueueGenericReset
 .text.xQueueGenericCreateStatic
                0x0000000008007bec       0xa4 Middlewares/Third_Party/FreeRTOS/Source/queue.o
                0x0000000008007bec                xQueueGenericCreateStatic
 .text.xQueueGenericCreate
                0x0000000008007c90       0x94 Middlewares/Third_Party/FreeRTOS/Source/queue.o
                0x0000000008007c90                xQueueGenericCreate
 .text.xQueueGenericSend
                0x0000000008007d24      0x324 Middlewares/Third_Party/FreeRTOS/Source/queue.o
                0x0000000008007d24                xQueueGenericSend
 .text.xQueueGenericSendFromISR
                0x0000000008008048      0x12c Middlewares/Third_Party/FreeRTOS/Source/queue.o
                0x0000000008008048                xQueueGenericSendFromISR
 .text.xQueueReceive
                0x0000000008008174      0x2c8 Middlewares/Third_Party/FreeRTOS/Source/queue.o
                0x0000000008008174                xQueueReceive
 .text.xQueueReceiveFromISR
                0x000000000800843c       0xb4 Middlewares/Third_Party/FreeRTOS/Source/queue.o
                0x000000000800843c                xQueueReceiveFromISR
 .text.prvAddNewTaskToReadyList
                0x00000000080084f0      0x118 Middlewares/Third_Party/FreeRTOS/Source/tasks.o
 .text.prvInitialiseNewTask.isra.2
                0x0000000008008608      0x11c Middlewares/Third_Party/FreeRTOS/Source/tasks.o
 .text.prvAddCurrentTaskToDelayedList
                0x0000000008008724       0x8c Middlewares/Third_Party/FreeRTOS/Source/tasks.o
 .text.prvIdleTask
                0x00000000080087b0       0xa0 Middlewares/Third_Party/FreeRTOS/Source/tasks.o
 .text.xTaskCreateStatic
                0x0000000008008850       0x70 Middlewares/Third_Party/FreeRTOS/Source/tasks.o
                0x0000000008008850                xTaskCreateStatic
 .text.xTaskCreate
                0x00000000080088c0      0x15c Middlewares/Third_Party/FreeRTOS/Source/tasks.o
                0x00000000080088c0                xTaskCreate
 .text.vTaskStartScheduler
                0x0000000008008a1c       0xc0 Middlewares/Third_Party/FreeRTOS/Source/tasks.o
                0x0000000008008a1c                vTaskStartScheduler
 .text.vTaskSuspendAll
                0x0000000008008adc       0x10 Middlewares/Third_Party/FreeRTOS/Source/tasks.o
                0x0000000008008adc                vTaskSuspendAll
 .text.xTaskIncrementTick
                0x0000000008008aec      0x158 Middlewares/Third_Party/FreeRTOS/Source/tasks.o
                0x0000000008008aec                xTaskIncrementTick
 .text.xTaskResumeAll
                0x0000000008008c44      0x114 Middlewares/Third_Party/FreeRTOS/Source/tasks.o
                0x0000000008008c44                xTaskResumeAll
 .text.vTaskDelay
                0x0000000008008d58       0x48 Middlewares/Third_Party/FreeRTOS/Source/tasks.o
                0x0000000008008d58                vTaskDelay
 .text.vTaskSwitchContext
                0x0000000008008da0       0xa8 Middlewares/Third_Party/FreeRTOS/Source/tasks.o
                0x0000000008008da0                vTaskSwitchContext
 .text.vTaskPlaceOnEventList
                0x0000000008008e48       0xa0 Middlewares/Third_Party/FreeRTOS/Source/tasks.o
                0x0000000008008e48                vTaskPlaceOnEventList
 .text.xTaskRemoveFromEventList
                0x0000000008008ee8       0x88 Middlewares/Third_Party/FreeRTOS/Source/tasks.o
                0x0000000008008ee8                xTaskRemoveFromEventList
 .text.vTaskInternalSetTimeOutState
                0x0000000008008f70       0x18 Middlewares/Third_Party/FreeRTOS/Source/tasks.o
                0x0000000008008f70                vTaskInternalSetTimeOutState
 .text.xTaskCheckForTimeOut
                0x0000000008008f88       0x8c Middlewares/Third_Party/FreeRTOS/Source/tasks.o
                0x0000000008008f88                xTaskCheckForTimeOut
 .text.vTaskMissedYield
                0x0000000008009014        0xc Middlewares/Third_Party/FreeRTOS/Source/tasks.o
                0x0000000008009014                vTaskMissedYield
 .text.xTaskGetSchedulerState
                0x0000000008009020       0x20 Middlewares/Third_Party/FreeRTOS/Source/tasks.o
                0x0000000008009020                xTaskGetSchedulerState
 .text.xTaskPriorityDisinherit
                0x0000000008009040       0xb0 Middlewares/Third_Party/FreeRTOS/Source/tasks.o
                0x0000000008009040                xTaskPriorityDisinherit
 .text.prvTaskExitError
                0x00000000080090f0       0x40 Middlewares/Third_Party/FreeRTOS/Source/portable/GCC/ARM_CM4F/port.o
 .text.unlikely.prvPortStartFirstTask
                0x0000000008009130       0x28 Middlewares/Third_Party/FreeRTOS/Source/portable/GCC/ARM_CM4F/port.o
 .text.unlikely.vPortEnableVFP
                0x0000000008009158       0x14 Middlewares/Third_Party/FreeRTOS/Source/portable/GCC/ARM_CM4F/port.o
 .text.pxPortInitialiseStack
                0x000000000800916c       0x2c Middlewares/Third_Party/FreeRTOS/Source/portable/GCC/ARM_CM4F/port.o
                0x000000000800916c                pxPortInitialiseStack
 *fill*         0x0000000008009198        0x8 
 .text.SVC_Handler
                0x00000000080091a0       0x24 Middlewares/Third_Party/FreeRTOS/Source/portable/GCC/ARM_CM4F/port.o
                0x00000000080091a0                SVC_Handler
 .text.vPortEnterCritical
                0x00000000080091c4       0x44 Middlewares/Third_Party/FreeRTOS/Source/portable/GCC/ARM_CM4F/port.o
                0x00000000080091c4                vPortEnterCritical
 .text.vPortExitCritical
                0x0000000008009208       0x28 Middlewares/Third_Party/FreeRTOS/Source/portable/GCC/ARM_CM4F/port.o
                0x0000000008009208                vPortExitCritical
 .text.PendSV_Handler
                0x0000000008009230       0x64 Middlewares/Third_Party/FreeRTOS/Source/portable/GCC/ARM_CM4F/port.o
                0x0000000008009230                PendSV_Handler
 .text.SysTick_Handler
                0x0000000008009294       0x2c Middlewares/Third_Party/FreeRTOS/Source/portable/GCC/ARM_CM4F/port.o
                0x0000000008009294                SysTick_Handler
 .text.vPortSetupTimerInterrupt
                0x00000000080092c0       0x3c Middlewares/Third_Party/FreeRTOS/Source/portable/GCC/ARM_CM4F/port.o
                0x00000000080092c0                vPortSetupTimerInterrupt
 .text.xPortStartScheduler
                0x00000000080092fc      0x110 Middlewares/Third_Party/FreeRTOS/Source/portable/GCC/ARM_CM4F/port.o
                0x00000000080092fc                xPortStartScheduler
 .text.vPortValidateInterruptPriority
                0x000000000800940c       0x5c Middlewares/Third_Party/FreeRTOS/Source/portable/GCC/ARM_CM4F/port.o
                0x000000000800940c                vPortValidateInterruptPriority
 .text.unlikely.prvInsertBlockIntoFreeList
                0x0000000008009468       0x50 Middlewares/Third_Party/FreeRTOS/Source/portable/MemMang/heap_4.o
 .text.pvPortMalloc
                0x00000000080094b8      0x124 Middlewares/Third_Party/FreeRTOS/Source/portable/MemMang/heap_4.o
                0x00000000080094b8                pvPortMalloc
 .text.vPortFree
                0x00000000080095dc       0x70 Middlewares/Third_Party/FreeRTOS/Source/portable/MemMang/heap_4.o
                0x00000000080095dc                vPortFree
 .text.MX_USB_DEVICE_Init
                0x000000000800964c       0x58 USB_DEVICE/App/usb_device.o
                0x000000000800964c                MX_USB_DEVICE_Init
 .text.CDC_DeInit_FS
                0x00000000080096a4        0x4 USB_DEVICE/App/usbd_cdc_if.o
 .text.CDC_Receive_FS
                0x00000000080096a8       0x18 USB_DEVICE/App/usbd_cdc_if.o
 .text.CDC_Init_FS
                0x00000000080096c0       0x48 USB_DEVICE/App/usbd_cdc_if.o
 .text.CDC_Control_FS
                0x0000000008009708       0x30 USB_DEVICE/App/usbd_cdc_if.o
 .text.VCP_read
                0x0000000008009738       0x7c USB_DEVICE/App/usbd_cdc_if.o
                0x0000000008009738                VCP_read
 .text.VCP_write
                0x00000000080097b4       0xbc USB_DEVICE/App/usbd_cdc_if.o
                0x00000000080097b4                VCP_write
 .text.USBD_FS_DeviceDescriptor
                0x0000000008009870        0xc USB_DEVICE/App/usbd_desc.o
                0x0000000008009870                USBD_FS_DeviceDescriptor
 .text.USBD_FS_LangIDStrDescriptor
                0x000000000800987c        0xc USB_DEVICE/App/usbd_desc.o
                0x000000000800987c                USBD_FS_LangIDStrDescriptor
 .text.USBD_FS_ManufacturerStrDescriptor
                0x0000000008009888       0x1c USB_DEVICE/App/usbd_desc.o
                0x0000000008009888                USBD_FS_ManufacturerStrDescriptor
 .text.USBD_FS_ProductStrDescriptor
                0x00000000080098a4       0x1c USB_DEVICE/App/usbd_desc.o
                0x00000000080098a4                USBD_FS_ProductStrDescriptor
 .text.USBD_FS_ConfigStrDescriptor
                0x00000000080098c0       0x1c USB_DEVICE/App/usbd_desc.o
                0x00000000080098c0                USBD_FS_ConfigStrDescriptor
 .text.USBD_FS_InterfaceStrDescriptor
                0x00000000080098dc       0x1c USB_DEVICE/App/usbd_desc.o
                0x00000000080098dc                USBD_FS_InterfaceStrDescriptor
 .text.USBD_FS_SerialStrDescriptor
                0x00000000080098f8      0x124 USB_DEVICE/App/usbd_desc.o
                0x00000000080098f8                USBD_FS_SerialStrDescriptor
 .text.HAL_PCD_MspInit
                0x0000000008009a1c       0x94 USB_DEVICE/Target/usbd_conf.o
                0x0000000008009a1c                HAL_PCD_MspInit
 .text.HAL_PCD_SetupStageCallback
                0x0000000008009ab0        0xc USB_DEVICE/Target/usbd_conf.o
                0x0000000008009ab0                HAL_PCD_SetupStageCallback
 .text.HAL_PCD_DataOutStageCallback
                0x0000000008009abc       0x14 USB_DEVICE/Target/usbd_conf.o
                0x0000000008009abc                HAL_PCD_DataOutStageCallback
 .text.HAL_PCD_DataInStageCallback
                0x0000000008009ad0       0x14 USB_DEVICE/Target/usbd_conf.o
                0x0000000008009ad0                HAL_PCD_DataInStageCallback
 .text.HAL_PCD_SOFCallback
                0x0000000008009ae4        0x8 USB_DEVICE/Target/usbd_conf.o
                0x0000000008009ae4                HAL_PCD_SOFCallback
 .text.HAL_PCD_ResetCallback
                0x0000000008009aec       0x24 USB_DEVICE/Target/usbd_conf.o
                0x0000000008009aec                HAL_PCD_ResetCallback
 .text.HAL_PCD_SuspendCallback
                0x0000000008009b10       0x30 USB_DEVICE/Target/usbd_conf.o
                0x0000000008009b10                HAL_PCD_SuspendCallback
 .text.HAL_PCD_ResumeCallback
                0x0000000008009b40        0x8 USB_DEVICE/Target/usbd_conf.o
                0x0000000008009b40                HAL_PCD_ResumeCallback
 .text.HAL_PCD_ISOOUTIncompleteCallback
                0x0000000008009b48        0x8 USB_DEVICE/Target/usbd_conf.o
                0x0000000008009b48                HAL_PCD_ISOOUTIncompleteCallback
 .text.HAL_PCD_ISOINIncompleteCallback
                0x0000000008009b50        0x8 USB_DEVICE/Target/usbd_conf.o
                0x0000000008009b50                HAL_PCD_ISOINIncompleteCallback
 .text.HAL_PCD_ConnectCallback
                0x0000000008009b58        0x8 USB_DEVICE/Target/usbd_conf.o
                0x0000000008009b58                HAL_PCD_ConnectCallback
 .text.HAL_PCD_DisconnectCallback
                0x0000000008009b60        0x8 USB_DEVICE/Target/usbd_conf.o
                0x0000000008009b60                HAL_PCD_DisconnectCallback
 .text.USBD_LL_Init
                0x0000000008009b68       0x68 USB_DEVICE/Target/usbd_conf.o
                0x0000000008009b68                USBD_LL_Init
 .text.USBD_LL_Start
                0x0000000008009bd0       0x1c USB_DEVICE/Target/usbd_conf.o
                0x0000000008009bd0                USBD_LL_Start
 .text.USBD_LL_OpenEP
                0x0000000008009bec       0x20 USB_DEVICE/Target/usbd_conf.o
                0x0000000008009bec                USBD_LL_OpenEP
 .text.USBD_LL_CloseEP
                0x0000000008009c0c       0x1c USB_DEVICE/Target/usbd_conf.o
                0x0000000008009c0c                USBD_LL_CloseEP
 .text.USBD_LL_StallEP
                0x0000000008009c28       0x1c USB_DEVICE/Target/usbd_conf.o
                0x0000000008009c28                USBD_LL_StallEP
 .text.USBD_LL_ClearStallEP
                0x0000000008009c44       0x1c USB_DEVICE/Target/usbd_conf.o
                0x0000000008009c44                USBD_LL_ClearStallEP
 .text.USBD_LL_IsStallEP
                0x0000000008009c60       0x28 USB_DEVICE/Target/usbd_conf.o
                0x0000000008009c60                USBD_LL_IsStallEP
 .text.USBD_LL_SetUSBAddress
                0x0000000008009c88       0x1c USB_DEVICE/Target/usbd_conf.o
                0x0000000008009c88                USBD_LL_SetUSBAddress
 .text.USBD_LL_Transmit
                0x0000000008009ca4       0x1c USB_DEVICE/Target/usbd_conf.o
                0x0000000008009ca4                USBD_LL_Transmit
 .text.USBD_LL_PrepareReceive
                0x0000000008009cc0       0x1c USB_DEVICE/Target/usbd_conf.o
                0x0000000008009cc0                USBD_LL_PrepareReceive
 .text.USBD_LL_GetRxDataSize
                0x0000000008009cdc        0x8 USB_DEVICE/Target/usbd_conf.o
                0x0000000008009cdc                USBD_LL_GetRxDataSize
 .text.__errno  0x0000000008009ce4        0xc c:/st/stm32cubeide_1.1.0/stm32cubeide/plugins/com.st.stm32cube.ide.mcu.externaltools.gnu-tools-for-stm32.7-2018-q2-update.win32_1.0.0.201904181610/tools/bin/../lib/gcc/arm-none-eabi/7.3.1/../../../../arm-none-eabi/lib/thumb/v7e-m/fpv4-sp/hard\libc_nano.a(lib_a-errno.o)
                0x0000000008009ce4                __errno
 .text.__libc_init_array
                0x0000000008009cf0       0x48 c:/st/stm32cubeide_1.1.0/stm32cubeide/plugins/com.st.stm32cube.ide.mcu.externaltools.gnu-tools-for-stm32.7-2018-q2-update.win32_1.0.0.201904181610/tools/bin/../lib/gcc/arm-none-eabi/7.3.1/../../../../arm-none-eabi/lib/thumb/v7e-m/fpv4-sp/hard\libc_nano.a(lib_a-init.o)
                0x0000000008009cf0                __libc_init_array
 .text.malloc   0x0000000008009d38       0x10 c:/st/stm32cubeide_1.1.0/stm32cubeide/plugins/com.st.stm32cube.ide.mcu.externaltools.gnu-tools-for-stm32.7-2018-q2-update.win32_1.0.0.201904181610/tools/bin/../lib/gcc/arm-none-eabi/7.3.1/../../../../arm-none-eabi/lib/thumb/v7e-m/fpv4-sp/hard\libc_nano.a(lib_a-malloc.o)
                0x0000000008009d38                malloc
 .text.free     0x0000000008009d48       0x10 c:/st/stm32cubeide_1.1.0/stm32cubeide/plugins/com.st.stm32cube.ide.mcu.externaltools.gnu-tools-for-stm32.7-2018-q2-update.win32_1.0.0.201904181610/tools/bin/../lib/gcc/arm-none-eabi/7.3.1/../../../../arm-none-eabi/lib/thumb/v7e-m/fpv4-sp/hard\libc_nano.a(lib_a-malloc.o)
                0x0000000008009d48                free
 .text.memcpy   0x0000000008009d58       0x16 c:/st/stm32cubeide_1.1.0/stm32cubeide/plugins/com.st.stm32cube.ide.mcu.externaltools.gnu-tools-for-stm32.7-2018-q2-update.win32_1.0.0.201904181610/tools/bin/../lib/gcc/arm-none-eabi/7.3.1/../../../../arm-none-eabi/lib/thumb/v7e-m/fpv4-sp/hard\libc_nano.a(lib_a-memcpy-stub.o)
                0x0000000008009d58                memcpy
 .text.memset   0x0000000008009d6e       0x10 c:/st/stm32cubeide_1.1.0/stm32cubeide/plugins/com.st.stm32cube.ide.mcu.externaltools.gnu-tools-for-stm32.7-2018-q2-update.win32_1.0.0.201904181610/tools/bin/../lib/gcc/arm-none-eabi/7.3.1/../../../../arm-none-eabi/lib/thumb/v7e-m/fpv4-sp/hard\libc_nano.a(lib_a-memset.o)
                0x0000000008009d6e                memset
 *fill*         0x0000000008009d7e        0x2 
 .text._free_r  0x0000000008009d80       0x9c c:/st/stm32cubeide_1.1.0/stm32cubeide/plugins/com.st.stm32cube.ide.mcu.externaltools.gnu-tools-for-stm32.7-2018-q2-update.win32_1.0.0.201904181610/tools/bin/../lib/gcc/arm-none-eabi/7.3.1/../../../../arm-none-eabi/lib/thumb/v7e-m/fpv4-sp/hard\libc_nano.a(lib_a-nano-freer.o)
                0x0000000008009d80                _free_r
 .text._malloc_r
                0x0000000008009e1c       0xb4 c:/st/stm32cubeide_1.1.0/stm32cubeide/plugins/com.st.stm32cube.ide.mcu.externaltools.gnu-tools-for-stm32.7-2018-q2-update.win32_1.0.0.201904181610/tools/bin/../lib/gcc/arm-none-eabi/7.3.1/../../../../arm-none-eabi/lib/thumb/v7e-m/fpv4-sp/hard\libc_nano.a(lib_a-nano-mallocr.o)
                0x0000000008009e1c                _malloc_r
 .text._sbrk_r  0x0000000008009ed0       0x20 c:/st/stm32cubeide_1.1.0/stm32cubeide/plugins/com.st.stm32cube.ide.mcu.externaltools.gnu-tools-for-stm32.7-2018-q2-update.win32_1.0.0.201904181610/tools/bin/../lib/gcc/arm-none-eabi/7.3.1/../../../../arm-none-eabi/lib/thumb/v7e-m/fpv4-sp/hard\libc_nano.a(lib_a-sbrkr.o)
                0x0000000008009ed0                _sbrk_r
 .text.__malloc_lock
                0x0000000008009ef0        0x2 c:/st/stm32cubeide_1.1.0/stm32cubeide/plugins/com.st.stm32cube.ide.mcu.externaltools.gnu-tools-for-stm32.7-2018-q2-update.win32_1.0.0.201904181610/tools/bin/../lib/gcc/arm-none-eabi/7.3.1/../../../../arm-none-eabi/lib/thumb/v7e-m/fpv4-sp/hard\libc_nano.a(lib_a-mlock.o)
                0x0000000008009ef0                __malloc_lock
 .text.__malloc_unlock
                0x0000000008009ef2        0x2 c:/st/stm32cubeide_1.1.0/stm32cubeide/plugins/com.st.stm32cube.ide.mcu.externaltools.gnu-tools-for-stm32.7-2018-q2-update.win32_1.0.0.201904181610/tools/bin/../lib/gcc/arm-none-eabi/7.3.1/../../../../arm-none-eabi/lib/thumb/v7e-m/fpv4-sp/hard\libc_nano.a(lib_a-mlock.o)
                0x0000000008009ef2                __malloc_unlock
 *(.glue_7)
 .glue_7        0x0000000008009ef4        0x0 linker stubs
 *(.glue_7t)
 .glue_7t       0x0000000008009ef4        0x0 linker stubs
 *(.eh_frame)
 .eh_frame      0x0000000008009ef4        0x0 c:/st/stm32cubeide_1.1.0/stm32cubeide/plugins/com.st.stm32cube.ide.mcu.externaltools.gnu-tools-for-stm32.7-2018-q2-update.win32_1.0.0.201904181610/tools/bin/../lib/gcc/arm-none-eabi/7.3.1/thumb/v7e-m/fpv4-sp/hard/crtbegin.o
 *(.init)
 .init          0x0000000008009ef4        0x4 c:/st/stm32cubeide_1.1.0/stm32cubeide/plugins/com.st.stm32cube.ide.mcu.externaltools.gnu-tools-for-stm32.7-2018-q2-update.win32_1.0.0.201904181610/tools/bin/../lib/gcc/arm-none-eabi/7.3.1/thumb/v7e-m/fpv4-sp/hard/crti.o
                0x0000000008009ef4                _init
 .init          0x0000000008009ef8        0x8 c:/st/stm32cubeide_1.1.0/stm32cubeide/plugins/com.st.stm32cube.ide.mcu.externaltools.gnu-tools-for-stm32.7-2018-q2-update.win32_1.0.0.201904181610/tools/bin/../lib/gcc/arm-none-eabi/7.3.1/thumb/v7e-m/fpv4-sp/hard/crtn.o
 *(.fini)
 .fini          0x0000000008009f00        0x4 c:/st/stm32cubeide_1.1.0/stm32cubeide/plugins/com.st.stm32cube.ide.mcu.externaltools.gnu-tools-for-stm32.7-2018-q2-update.win32_1.0.0.201904181610/tools/bin/../lib/gcc/arm-none-eabi/7.3.1/thumb/v7e-m/fpv4-sp/hard/crti.o
                0x0000000008009f00                _fini
 .fini          0x0000000008009f04        0x8 c:/st/stm32cubeide_1.1.0/stm32cubeide/plugins/com.st.stm32cube.ide.mcu.externaltools.gnu-tools-for-stm32.7-2018-q2-update.win32_1.0.0.201904181610/tools/bin/../lib/gcc/arm-none-eabi/7.3.1/thumb/v7e-m/fpv4-sp/hard/crtn.o
                0x0000000008009f0c                . = ALIGN (0x4)
                0x0000000008009f0c                _etext = .

.vfp11_veneer   0x0000000008009f0c        0x0
 .vfp11_veneer  0x0000000008009f0c        0x0 linker stubs

.v4_bx          0x0000000008009f0c        0x0
 .v4_bx         0x0000000008009f0c        0x0 linker stubs

.iplt           0x0000000008009f0c        0x0
 .iplt          0x0000000008009f0c        0x0 c:/st/stm32cubeide_1.1.0/stm32cubeide/plugins/com.st.stm32cube.ide.mcu.externaltools.gnu-tools-for-stm32.7-2018-q2-update.win32_1.0.0.201904181610/tools/bin/../lib/gcc/arm-none-eabi/7.3.1/thumb/v7e-m/fpv4-sp/hard/crtbegin.o

.rodata         0x0000000008009f10      0x25c
                0x0000000008009f10                . = ALIGN (0x4)
 *(.rodata)
 .rodata        0x0000000008009f10       0x9c Core/Src/MainTask.o
 .rodata        0x0000000008009fac       0x1c Core/Src/freertos.o
 *(.rodata*)
 .rodata.StartTaskMain.str1.4
                0x0000000008009fc8       0x53 Core/Src/MainTask.o
 *fill*         0x000000000800a01b        0x1 
 .rodata.os_pool_def_MsgPool
                0x000000000800a01c        0xc Core/Src/MainTask.o
                0x000000000800a01c                os_pool_def_MsgPool
 .rodata.str1.4
                0x000000000800a028       0x39 Core/Src/MainTask.o
 *fill*         0x000000000800a061        0x3 
 .rodata.StartTaskSocket.str1.4
                0x000000000800a064       0x26 Core/Src/SocketTask.o
 *fill*         0x000000000800a08a        0x2 
 .rodata.str1.4
                0x000000000800a08c        0xc Core/Src/freertos.o
 .rodata._etoa.part.0.str1.4
                0x000000000800a098        0x9 Core/Src/printf.o
 *fill*         0x000000000800a0a1        0x3 
 .rodata._ftoa.part.1.str1.4
                0x000000000800a0a4        0xc Core/Src/printf.o
 .rodata.pow10.11533
                0x000000000800a0b0       0x50 Core/Src/printf.o
 .rodata.AHBPrescTable
                0x000000000800a100       0x10 Core/Src/system_stm32f4xx.o
                0x000000000800a100                AHBPrescTable
 .rodata.APBPrescTable
                0x000000000800a110        0x8 Core/Src/system_stm32f4xx.o
                0x000000000800a110                APBPrescTable
 .rodata.vTaskStartScheduler.str1.4
                0x000000000800a118        0x5 Middlewares/Third_Party/FreeRTOS/Source/tasks.o
 *fill*         0x000000000800a11d        0x3 
 .rodata.USBD_FS_ConfigStrDescriptor.str1.4
                0x000000000800a120        0xb USB_DEVICE/App/usbd_desc.o
 *fill*         0x000000000800a12b        0x1 
 .rodata.USBD_FS_InterfaceStrDescriptor.str1.4
                0x000000000800a12c        0xe USB_DEVICE/App/usbd_desc.o
 *fill*         0x000000000800a13a        0x2 
 .rodata.USBD_FS_ManufacturerStrDescriptor.str1.4
                0x000000000800a13c       0x13 USB_DEVICE/App/usbd_desc.o
 *fill*         0x000000000800a14f        0x1 
 .rodata.USBD_FS_ProductStrDescriptor.str1.4
                0x000000000800a150       0x18 USB_DEVICE/App/usbd_desc.o
                                         0x16 (size before relaxing)
 .rodata.CSWTCH.21
                0x000000000800a168        0x4 USB_DEVICE/Target/usbd_conf.o
                0x000000000800a16c                . = ALIGN (0x4)

.ARM.extab      0x000000000800a16c        0x0
                0x000000000800a16c                . = ALIGN (0x4)
 *(.ARM.extab* .gnu.linkonce.armextab.*)
                0x000000000800a16c                . = ALIGN (0x4)

.ARM            0x000000000800a16c        0x8
                0x000000000800a16c                . = ALIGN (0x4)
                0x000000000800a16c                __exidx_start = .
 *(.ARM.exidx*)
 .ARM.exidx     0x000000000800a16c        0x8 c:/st/stm32cubeide_1.1.0/stm32cubeide/plugins/com.st.stm32cube.ide.mcu.externaltools.gnu-tools-for-stm32.7-2018-q2-update.win32_1.0.0.201904181610/tools/bin/../lib/gcc/arm-none-eabi/7.3.1/thumb/v7e-m/fpv4-sp/hard\libgcc.a(_udivmoddi4.o)
                0x000000000800a174                __exidx_end = .
                0x000000000800a174                . = ALIGN (0x4)

.rel.dyn        0x000000000800a174        0x0
 .rel.iplt      0x000000000800a174        0x0 c:/st/stm32cubeide_1.1.0/stm32cubeide/plugins/com.st.stm32cube.ide.mcu.externaltools.gnu-tools-for-stm32.7-2018-q2-update.win32_1.0.0.201904181610/tools/bin/../lib/gcc/arm-none-eabi/7.3.1/thumb/v7e-m/fpv4-sp/hard/crtbegin.o

.preinit_array  0x000000000800a174        0x0
                0x000000000800a174                . = ALIGN (0x4)
                0x000000000800a174                PROVIDE (__preinit_array_start = .)
 *(.preinit_array*)
                0x000000000800a174                PROVIDE (__preinit_array_end = .)
                0x000000000800a174                . = ALIGN (0x4)

.init_array     0x000000000800a174        0x4
                0x000000000800a174                . = ALIGN (0x4)
                0x000000000800a174                PROVIDE (__init_array_start = .)
 *(SORT_BY_NAME(.init_array.*))
 *(.init_array*)
 .init_array    0x000000000800a174        0x4 c:/st/stm32cubeide_1.1.0/stm32cubeide/plugins/com.st.stm32cube.ide.mcu.externaltools.gnu-tools-for-stm32.7-2018-q2-update.win32_1.0.0.201904181610/tools/bin/../lib/gcc/arm-none-eabi/7.3.1/thumb/v7e-m/fpv4-sp/hard/crtbegin.o
                0x000000000800a178                PROVIDE (__init_array_end = .)
                0x000000000800a178                . = ALIGN (0x4)

.fini_array     0x000000000800a178        0x4
                0x000000000800a178                . = ALIGN (0x4)
                [!provide]                        PROVIDE (__fini_array_start = .)
 *(SORT_BY_NAME(.fini_array.*))
 *(.fini_array*)
 .fini_array    0x000000000800a178        0x4 c:/st/stm32cubeide_1.1.0/stm32cubeide/plugins/com.st.stm32cube.ide.mcu.externaltools.gnu-tools-for-stm32.7-2018-q2-update.win32_1.0.0.201904181610/tools/bin/../lib/gcc/arm-none-eabi/7.3.1/thumb/v7e-m/fpv4-sp/hard/crtbegin.o
                [!provide]                        PROVIDE (__fini_array_end = .)
                0x000000000800a17c                . = ALIGN (0x4)
                0x000000000800a17c                _sidata = LOADADDR (.data)

.data           0x0000000020000000      0x1e0 load address 0x000000000800a17c
                0x0000000020000000                . = ALIGN (0x4)
                0x0000000020000000                _sdata = .
 *(.data)
 *(.data*)
 .data.SystemCoreClock
                0x0000000020000000        0x4 Core/Src/system_stm32f4xx.o
                0x0000000020000000                SystemCoreClock
 .data.uwTickFreq
                0x0000000020000004        0x1 Drivers/STM32F4xx_HAL_Driver/Src/stm32f4xx_hal.o
                0x0000000020000004                uwTickFreq
 *fill*         0x0000000020000005        0x3 
 .data.USBD_CDC
                0x0000000020000008       0x38 Middlewares/ST/STM32_USB_Device_Library/Class/CDC/Src/usbd_cdc.o
                0x0000000020000008                USBD_CDC
 .data.USBD_CDC_CfgFSDesc
                0x0000000020000040       0x43 Middlewares/ST/STM32_USB_Device_Library/Class/CDC/Src/usbd_cdc.o
                0x0000000020000040                USBD_CDC_CfgFSDesc
 *fill*         0x0000000020000083        0x1 
 .data.USBD_CDC_CfgHSDesc
                0x0000000020000084       0x43 Middlewares/ST/STM32_USB_Device_Library/Class/CDC/Src/usbd_cdc.o
                0x0000000020000084                USBD_CDC_CfgHSDesc
 *fill*         0x00000000200000c7        0x1 
 .data.USBD_CDC_DeviceQualifierDesc
                0x00000000200000c8        0xa Middlewares/ST/STM32_USB_Device_Library/Class/CDC/Src/usbd_cdc.o
 *fill*         0x00000000200000d2        0x2 
 .data.USBD_CDC_OtherSpeedCfgDesc
                0x00000000200000d4       0x43 Middlewares/ST/STM32_USB_Device_Library/Class/CDC/Src/usbd_cdc.o
                0x00000000200000d4                USBD_CDC_OtherSpeedCfgDesc
 *fill*         0x0000000020000117        0x1 
 .data.uxCriticalNesting
                0x0000000020000118        0x4 Middlewares/Third_Party/FreeRTOS/Source/portable/GCC/ARM_CM4F/port.o
 .data.USBD_Interface_fops_FS
                0x000000002000011c       0x10 USB_DEVICE/App/usbd_cdc_if.o
                0x000000002000011c                USBD_Interface_fops_FS
 .data.FS_Desc  0x000000002000012c       0x1c USB_DEVICE/App/usbd_desc.o
                0x000000002000012c                FS_Desc
 .data.USBD_FS_DeviceDesc
                0x0000000020000148       0x12 USB_DEVICE/App/usbd_desc.o
                0x0000000020000148                USBD_FS_DeviceDesc
 *fill*         0x000000002000015a        0x2 
 .data.USBD_LangIDDesc
                0x000000002000015c        0x4 USB_DEVICE/App/usbd_desc.o
                0x000000002000015c                USBD_LangIDDesc
 .data.USBD_StringSerial
                0x0000000020000160       0x1a USB_DEVICE/App/usbd_desc.o
                0x0000000020000160                USBD_StringSerial
 *fill*         0x000000002000017a        0x2 
 .data._impure_ptr
                0x000000002000017c        0x4 c:/st/stm32cubeide_1.1.0/stm32cubeide/plugins/com.st.stm32cube.ide.mcu.externaltools.gnu-tools-for-stm32.7-2018-q2-update.win32_1.0.0.201904181610/tools/bin/../lib/gcc/arm-none-eabi/7.3.1/../../../../arm-none-eabi/lib/thumb/v7e-m/fpv4-sp/hard\libc_nano.a(lib_a-impure.o)
                0x000000002000017c                _impure_ptr
 .data.impure_data
                0x0000000020000180       0x60 c:/st/stm32cubeide_1.1.0/stm32cubeide/plugins/com.st.stm32cube.ide.mcu.externaltools.gnu-tools-for-stm32.7-2018-q2-update.win32_1.0.0.201904181610/tools/bin/../lib/gcc/arm-none-eabi/7.3.1/../../../../arm-none-eabi/lib/thumb/v7e-m/fpv4-sp/hard\libc_nano.a(lib_a-impure.o)
                0x00000000200001e0                . = ALIGN (0x4)
                0x00000000200001e0                _edata = .

.igot.plt       0x00000000200001e0        0x0 load address 0x000000000800a35c
 .igot.plt      0x00000000200001e0        0x0 c:/st/stm32cubeide_1.1.0/stm32cubeide/plugins/com.st.stm32cube.ide.mcu.externaltools.gnu-tools-for-stm32.7-2018-q2-update.win32_1.0.0.201904181610/tools/bin/../lib/gcc/arm-none-eabi/7.3.1/thumb/v7e-m/fpv4-sp/hard/crtbegin.o
                0x00000000200001e0                . = ALIGN (0x4)

.bss            0x00000000200001e0    0x2365c load address 0x000000000800a35c
                0x00000000200001e0                _sbss = .
                0x00000000200001e0                __bss_start__ = _sbss
 *(.bss)
 .bss           0x00000000200001e0       0x1c c:/st/stm32cubeide_1.1.0/stm32cubeide/plugins/com.st.stm32cube.ide.mcu.externaltools.gnu-tools-for-stm32.7-2018-q2-update.win32_1.0.0.201904181610/tools/bin/../lib/gcc/arm-none-eabi/7.3.1/thumb/v7e-m/fpv4-sp/hard/crtbegin.o
 *(.bss*)
 .bss.xIdleStack
                0x00000000200001fc     0x1000 Core/Src/freertos.o
 .bss.xIdleTaskTCBBuffer
                0x00000000200011fc       0x58 Core/Src/freertos.o
 .bss.FSMC_Initialized
                0x0000000020001254        0x4 Core/Src/fsmc.o
 .bss.heap_end.6424
                0x0000000020001258        0x4 Core/Src/sysmem.o
 .bss.cfgidx.11420
                0x000000002000125c        0x1 Middlewares/ST/STM32_USB_Device_Library/Core/Src/usbd_ctlreq.o
 *fill*         0x000000002000125d        0x3 
 .bss.pxCurrentTCB
                0x0000000020001260        0x4 Middlewares/Third_Party/FreeRTOS/Source/tasks.o
                0x0000000020001260                pxCurrentTCB
 .bss.pxDelayedTaskList
                0x0000000020001264        0x4 Middlewares/Third_Party/FreeRTOS/Source/tasks.o
 .bss.pxOverflowDelayedTaskList
                0x0000000020001268        0x4 Middlewares/Third_Party/FreeRTOS/Source/tasks.o
 .bss.pxReadyTasksLists
                0x000000002000126c       0x8c Middlewares/Third_Party/FreeRTOS/Source/tasks.o
 .bss.uxCurrentNumberOfTasks
                0x00000000200012f8        0x4 Middlewares/Third_Party/FreeRTOS/Source/tasks.o
 .bss.uxDeletedTasksWaitingCleanUp
                0x00000000200012fc        0x4 Middlewares/Third_Party/FreeRTOS/Source/tasks.o
 .bss.uxPendedTicks
                0x0000000020001300        0x4 Middlewares/Third_Party/FreeRTOS/Source/tasks.o
 .bss.uxSchedulerSuspended
                0x0000000020001304        0x4 Middlewares/Third_Party/FreeRTOS/Source/tasks.o
 .bss.uxTaskNumber
                0x0000000020001308        0x4 Middlewares/Third_Party/FreeRTOS/Source/tasks.o
 .bss.uxTopReadyPriority
                0x000000002000130c        0x4 Middlewares/Third_Party/FreeRTOS/Source/tasks.o
 .bss.xDelayedTaskList1
                0x0000000020001310       0x14 Middlewares/Third_Party/FreeRTOS/Source/tasks.o
 .bss.xDelayedTaskList2
                0x0000000020001324       0x14 Middlewares/Third_Party/FreeRTOS/Source/tasks.o
 .bss.xNextTaskUnblockTime
                0x0000000020001338        0x4 Middlewares/Third_Party/FreeRTOS/Source/tasks.o
 .bss.xNumOfOverflows
                0x000000002000133c        0x4 Middlewares/Third_Party/FreeRTOS/Source/tasks.o
 .bss.xPendingReadyList
                0x0000000020001340       0x14 Middlewares/Third_Party/FreeRTOS/Source/tasks.o
 .bss.xSchedulerRunning
                0x0000000020001354        0x4 Middlewares/Third_Party/FreeRTOS/Source/tasks.o
 .bss.xSuspendedTaskList
                0x0000000020001358       0x14 Middlewares/Third_Party/FreeRTOS/Source/tasks.o
 .bss.xTasksWaitingTermination
                0x000000002000136c       0x14 Middlewares/Third_Party/FreeRTOS/Source/tasks.o
 .bss.xTickCount
                0x0000000020001380        0x4 Middlewares/Third_Party/FreeRTOS/Source/tasks.o
 .bss.xYieldPending
                0x0000000020001384        0x4 Middlewares/Third_Party/FreeRTOS/Source/tasks.o
 .bss.ucMaxSysCallPriority
                0x0000000020001388        0x1 Middlewares/Third_Party/FreeRTOS/Source/portable/GCC/ARM_CM4F/port.o
 *fill*         0x0000000020001389        0x3 
 .bss.ulMaxPRIGROUPValue
                0x000000002000138c        0x4 Middlewares/Third_Party/FreeRTOS/Source/portable/GCC/ARM_CM4F/port.o
 .bss.pxEnd     0x0000000020001390        0x4 Middlewares/Third_Party/FreeRTOS/Source/portable/MemMang/heap_4.o
 .bss.ucHeap    0x0000000020001394    0x20000 Middlewares/Third_Party/FreeRTOS/Source/portable/MemMang/heap_4.o
 .bss.xBlockAllocatedBit
                0x0000000020021394        0x4 Middlewares/Third_Party/FreeRTOS/Source/portable/MemMang/heap_4.o
 .bss.xFreeBytesRemaining
                0x0000000020021398        0x4 Middlewares/Third_Party/FreeRTOS/Source/portable/MemMang/heap_4.o
 .bss.xMinimumEverFreeBytesRemaining
                0x000000002002139c        0x4 Middlewares/Third_Party/FreeRTOS/Source/portable/MemMang/heap_4.o
 .bss.xStart    0x00000000200213a0        0x8 Middlewares/Third_Party/FreeRTOS/Source/portable/MemMang/heap_4.o
 .bss.RxBuffer  0x00000000200213a8      0x80c USB_DEVICE/App/usbd_cdc_if.o
 .bss.hUsbDevice_0
                0x0000000020021bb4        0x4 USB_DEVICE/App/usbd_cdc_if.o
                0x0000000020021bb4                hUsbDevice_0
 .bss.lineBuf.11392
                0x0000000020021bb8       0x10 USB_DEVICE/App/usbd_cdc_if.o
 .bss.__malloc_free_list
                0x0000000020021bc8        0x4 c:/st/stm32cubeide_1.1.0/stm32cubeide/plugins/com.st.stm32cube.ide.mcu.externaltools.gnu-tools-for-stm32.7-2018-q2-update.win32_1.0.0.201904181610/tools/bin/../lib/gcc/arm-none-eabi/7.3.1/../../../../arm-none-eabi/lib/thumb/v7e-m/fpv4-sp/hard\libc_nano.a(lib_a-nano-mallocr.o)
                0x0000000020021bc8                __malloc_free_list
 .bss.__malloc_sbrk_start
                0x0000000020021bcc        0x4 c:/st/stm32cubeide_1.1.0/stm32cubeide/plugins/com.st.stm32cube.ide.mcu.externaltools.gnu-tools-for-stm32.7-2018-q2-update.win32_1.0.0.201904181610/tools/bin/../lib/gcc/arm-none-eabi/7.3.1/../../../../arm-none-eabi/lib/thumb/v7e-m/fpv4-sp/hard\libc_nano.a(lib_a-nano-mallocr.o)
                0x0000000020021bcc                __malloc_sbrk_start
 *(COMMON)
 COMMON         0x0000000020021bd0       0x2c Core/Src/MainTask.o
                0x0000000020021bd0                MsgPool
                0x0000000020021bd4                SocketQ2Handle
                0x0000000020021bd8                TaskSocket4Handle
                0x0000000020021bdc                ResultsQHandle
                0x0000000020021be0                TaskSocket3Handle
                0x0000000020021be4                TaskSocket2Handle
                0x0000000020021be8                SocketQ1Handle
                0x0000000020021bec                TaskSocket1Handle
                0x0000000020021bf0                SocketQ4Handle
                0x0000000020021bf4                TaskMainHandle
                0x0000000020021bf8                SocketQ3Handle
 COMMON         0x0000000020021bfc       0x48 Core/Src/adc.o
                0x0000000020021bfc                hadc1
 COMMON         0x0000000020021c44       0x14 Core/Src/dac.o
                0x0000000020021c44                hdac
 COMMON         0x0000000020021c58        0x4 Core/Src/dfu.o
                0x0000000020021c58                dfu_reset_to_bootloader_magic
 COMMON         0x0000000020021c5c       0x4c Core/Src/fmpi2c.o
                0x0000000020021c5c                hfmpi2c1
 COMMON         0x0000000020021ca8        0x4 Core/Src/freertos.o
                0x0000000020021ca8                defaultTaskHandle
 COMMON         0x0000000020021cac       0x50 Core/Src/fsmc.o
                0x0000000020021cac                hsram1
 COMMON         0x0000000020021cfc       0xfc Core/Src/i2c.o
                0x0000000020021cfc                hi2c3
                0x0000000020021d50                hi2c1
                0x0000000020021da4                hi2c2
 COMMON         0x0000000020021df8       0x10 Core/Src/rng.o
                0x0000000020021df8                hrng
 COMMON         0x0000000020021e08      0x108 Core/Src/spi.o
                0x0000000020021e08                hspi2
                0x0000000020021e60                hspi4
                0x0000000020021eb8                hspi1
 COMMON         0x0000000020021f10       0x40 Core/Src/stm32f4xx_hal_timebase_tim.o
                0x0000000020021f10                htim1
 COMMON         0x0000000020021f50       0x40 Core/Src/usart.o
                0x0000000020021f50                huart3